[    0.000000] Linux version 4.15.0-212-generic (buildd@lcy02-amd64-083) (gcc version 7.5.0 (Ubuntu 7.5.0-3ubuntu1~18.04)) #223-Ubuntu SMP Tue May 23 13:09:22 UTC 2023 (Ubuntu 4.15.0-212.223-generic 4.15.18)
[    0.000000] Command line: BOOT_IMAGE=/boot/vmlinuz-4.15.0-212-generic root=LABEL=cloudimg-rootfs ro console=tty1 console=ttyS0
[    0.000000] KERNEL supported cpus:
[    0.000000]   Intel GenuineIntel
[    0.000000]   AMD AuthenticAMD
[    0.000000]   Centaur CentaurHauls
[    0.000000] x86/fpu: Supporting XSAVE feature 0x001: 'x87 floating point registers'
[    0.000000] x86/fpu: Supporting XSAVE feature 0x002: 'SSE registers'
[    0.000000] x86/fpu: Supporting XSAVE feature 0x004: 'AVX registers'
[    0.000000] x86/fpu: xstate_offset[2]:  576, xstate_sizes[2]:  256
[    0.000000] x86/fpu: Enabled xstate features 0x7, context size is 832 bytes, using 'standard' format.
[    0.000000] e820: BIOS-provided physical RAM map:
[    0.000000] BIOS-e820: [mem 0x0000000000000000-0x000000000009fbff] usable
[    0.000000] BIOS-e820: [mem 0x000000000009fc00-0x000000000009ffff] reserved
[    0.000000] BIOS-e820: [mem 0x00000000000f0000-0x00000000000fffff] reserved
[    0.000000] BIOS-e820: [mem 0x0000000000100000-0x000000007ffeffff] usable
[    0.000000] BIOS-e820: [mem 0x000000007fff0000-0x000000007fffffff] ACPI data
[    0.000000] BIOS-e820: [mem 0x00000000fec00000-0x00000000fec00fff] reserved
[    0.000000] BIOS-e820: [mem 0x00000000fee00000-0x00000000fee00fff] reserved
[    0.000000] BIOS-e820: [mem 0x00000000fffc0000-0x00000000ffffffff] reserved
[    0.000000] NX (Execute Disable) protection: active
[    0.000000] SMBIOS 2.5 present.
[    0.000000] DMI: innotek GmbH VirtualBox/VirtualBox, BIOS VirtualBox 12/01/2006
[    0.000000] Hypervisor detected: KVM
[    0.000000] e820: last_pfn = 0x7fff0 max_arch_pfn = 0x400000000
[    0.000000] x86/PAT: Configuration [0-7]: WB  WC  UC- UC  WB  WP  UC- WT  
[    0.000000] CPU MTRRs all blank - virtualized system.
[    0.000000] found SMP MP-table at [mem 0x0009fbf0-0x0009fbff]
[    0.000000] Scanning 1 areas for low memory corruption
[    0.000000] RAMDISK: [mem 0x359cb000-0x36cdcfff]
[    0.000000] ACPI: Early table checksum verification disabled
[    0.000000] ACPI: RSDP 0x00000000000E0000 000024 (v02 VBOX  )
[    0.000000] ACPI: XSDT 0x000000007FFF0030 00003C (v01 VBOX   VBOXXSDT 00000001 ASL  00000061)
[    0.000000] ACPI: FACP 0x000000007FFF00F0 0000F4 (v04 VBOX   VBOXFACP 00000001 ASL  00000061)
[    0.000000] ACPI: DSDT 0x000000007FFF02F0 002353 (v02 VBOX   VBOXBIOS 00000002 VBOX 0002A122)
[    0.000000] ACPI: FACS 0x000000007FFF0200 000040
[    0.000000] ACPI: FACS 0x000000007FFF0200 000040
[    0.000000] ACPI: APIC 0x000000007FFF0240 00005C (v02 VBOX   VBOXAPIC 00000001 ASL  00000061)
[    0.000000] ACPI: SSDT 0x000000007FFF02A0 000045 (v01 VBOX   VBOXCPUT 00000002 VBOX 0002A122)
[    0.000000] ACPI: Reserving FACP table memory at [mem 0x7fff00f0-0x7fff01e3]
[    0.000000] ACPI: Reserving DSDT table memory at [mem 0x7fff02f0-0x7fff2642]
[    0.000000] ACPI: Reserving FACS table memory at [mem 0x7fff0200-0x7fff023f]
[    0.000000] ACPI: Reserving FACS table memory at [mem 0x7fff0200-0x7fff023f]
[    0.000000] ACPI: Reserving APIC table memory at [mem 0x7fff0240-0x7fff029b]
[    0.000000] ACPI: Reserving SSDT table memory at [mem 0x7fff02a0-0x7fff02e4]
[    0.000000] No NUMA configuration found
[    0.000000] Faking a node at [mem 0x0000000000000000-0x000000007ffeffff]
[    0.000000] NODE_DATA(0) allocated [mem 0x7ffc5000-0x7ffeffff]
[    0.000000] kvm-clock: cpu 0, msr 0:7ff44001, primary cpu clock
[    0.000000] kvm-clock: Using msrs 4b564d01 and 4b564d00
[    0.000000] kvm-clock: using sched offset of 4579212196 cycles
[    0.000000] clocksource: kvm-clock: mask: 0xffffffffffffffff max_cycles: 0x1cd42e4dffb, max_idle_ns: 881590591483 ns
[    0.000000] Zone ranges:
[    0.000000]   DMA      [mem 0x0000000000001000-0x0000000000ffffff]
[    0.000000]   DMA32    [mem 0x0000000001000000-0x000000007ffeffff]
[    0.000000]   Normal   empty
[    0.000000]   Device   empty
[    0.000000] Movable zone start for each node
[    0.000000] Early memory node ranges
[    0.000000]   node   0: [mem 0x0000000000001000-0x000000000009efff]
[    0.000000]   node   0: [mem 0x0000000000100000-0x000000007ffeffff]
[    0.000000] Reserved but unavailable: 104 pages
[    0.000000] Initmem setup node 0 [mem 0x0000000000001000-0x000000007ffeffff]
[    0.000000] ACPI: PM-Timer IO Port: 0x4008
[    0.000000] IOAPIC[0]: apic_id 2, version 32, address 0xfec00000, GSI 0-23
[    0.000000] ACPI: INT_SRC_OVR (bus 0 bus_irq 0 global_irq 2 dfl dfl)
[    0.000000] ACPI: INT_SRC_OVR (bus 0 bus_irq 9 global_irq 9 low level)
[    0.000000] Using ACPI (MADT) for SMP configuration information
[    0.000000] smpboot: Allowing 2 CPUs, 0 hotplug CPUs
[    0.000000] PM: Registered nosave memory: [mem 0x00000000-0x00000fff]
[    0.000000] PM: Registered nosave memory: [mem 0x0009f000-0x0009ffff]
[    0.000000] PM: Registered nosave memory: [mem 0x000a0000-0x000effff]
[    0.000000] PM: Registered nosave memory: [mem 0x000f0000-0x000fffff]
[    0.000000] e820: [mem 0x80000000-0xfebfffff] available for PCI devices
[    0.000000] Booting paravirtualized kernel on KVM
[    0.000000] clocksource: refined-jiffies: mask: 0xffffffff max_cycles: 0xffffffff, max_idle_ns: 7645519600211568 ns
[    0.000000] setup_percpu: NR_CPUS:8192 nr_cpumask_bits:2 nr_cpu_ids:2 nr_node_ids:1
[    0.000000] percpu: Embedded 50 pages/cpu s167936 r8192 d28672 u1048576
[    0.000000] PV qspinlock hash table entries: 256 (order: 0, 4096 bytes)
[    0.000000] Built 1 zonelists, mobility grouping on.  Total pages: 515961
[    0.000000] Policy zone: DMA32
[    0.000000] Kernel command line: BOOT_IMAGE=/boot/vmlinuz-4.15.0-212-generic root=LABEL=cloudimg-rootfs ro console=tty1 console=ttyS0
[    0.000000] Memory: 2014836K/2096696K available (12300K kernel code, 2477K rwdata, 4324K rodata, 2480K init, 2720K bss, 81860K reserved, 0K cma-reserved)
[    0.000000] SLUB: HWalign=64, Order=0-3, MinObjects=0, CPUs=2, Nodes=1
[    0.000000] ftrace: allocating 39508 entries in 155 pages
[    0.004000] Hierarchical RCU implementation.
[    0.004000] 	RCU restricting CPUs from NR_CPUS=8192 to nr_cpu_ids=2.
[    0.004000] 	Tasks RCU enabled.
[    0.004000] RCU: Adjusting geometry for rcu_fanout_leaf=16, nr_cpu_ids=2
[    0.004000] NR_IRQS: 524544, nr_irqs: 440, preallocated irqs: 16
[    0.004000] random: crng init done
[    0.004000] Console: colour VGA+ 80x25
[    0.004000] console [tty1] enabled
[    0.004000] console [ttyS0] enabled
[    0.004000] ACPI: Core revision 20170831
[    0.004000] ACPI: 2 ACPI AML tables successfully acquired and loaded
[    0.004000] APIC: Switch to symmetric I/O mode setup
[    0.008000] ..TIMER: vector=0x30 apic1=0 pin1=2 apic2=-1 pin2=-1
[    0.008008] tsc: Detected 2419.200 MHz processor
[    0.012021] Calibrating delay loop (skipped) preset value.. 4838.40 BogoMIPS (lpj=9676800)
[    0.016005] pid_max: default: 32768 minimum: 301
[    0.020086] Security Framework initialized
[    0.024008] Yama: becoming mindful.
[    0.028161] AppArmor: AppArmor initialized
[    0.049298] Dentry cache hash table entries: 262144 (order: 9, 2097152 bytes)
[    0.060008] Inode-cache hash table entries: 131072 (order: 8, 1048576 bytes)
[    0.068246] Mount-cache hash table entries: 4096 (order: 3, 32768 bytes)
[    0.072244] Mountpoint-cache hash table entries: 4096 (order: 3, 32768 bytes)
[    0.082888] Last level iTLB entries: 4KB 0, 2MB 0, 4MB 0
[    0.084006] Last level dTLB entries: 4KB 0, 2MB 0, 4MB 0, 1GB 0
[    0.088009] Spectre V1 : Mitigation: usercopy/swapgs barriers and __user pointer sanitization
[    0.092008] Spectre V2 : Mitigation: Enhanced IBRS
[    0.096006] Spectre V2 : Spectre v2 / SpectreRSB mitigation: Filling RSB on context switch
[    0.100007] Spectre V2 : Spectre v2 / PBRSB-eIBRS: Retire a single CALL on VMEXIT
[    0.104007] RETBleed: Mitigation: Enhanced IBRS
[    0.108005] Speculative Store Bypass: Vulnerable
[    0.112349] Freeing SMP alternatives memory: 36K
[    0.233068] smpboot: CPU0: 11th Gen Intel(R) Core(TM) i5-1135G7 @ 2.40GHz (family: 0x6, model: 0x8c, stepping: 0x1)
[    0.236801] Performance Events: unsupported p6 CPU model 140 no PMU driver, software events only.
[    0.240243] Hierarchical SRCU implementation.
[    0.249281] NMI watchdog: Perf event create on CPU 0 failed with -2
[    0.252154] NMI watchdog: Perf NMI watchdog permanently disabled
[    0.256650] smp: Bringing up secondary CPUs ...
[    0.264025] x86: Booting SMP configuration:
[    0.268007] .... node  #0, CPUs:      #1
[    0.004000] kvm-clock: cpu 1, msr 0:7ff44041, secondary cpu clock
[    0.288207] smp: Brought up 1 node, 2 CPUs
[    0.292011] smpboot: Max logical packages: 1
[    0.296009] smpboot: Total of 2 processors activated (9676.80 BogoMIPS)
[    0.305053] devtmpfs: initialized
[    0.308228] x86/mm: Memory block size: 128MB
[    0.316474] evm: security.selinux
[    0.320005] evm: security.SMACK64
[    0.324008] evm: security.SMACK64EXEC
[    0.328005] evm: security.SMACK64TRANSMUTE
[    0.332006] evm: security.SMACK64MMAP
[    0.336009] evm: security.apparmor
[    0.340011] evm: security.ima
[    0.344008] evm: security.capability
[    0.352711] clocksource: jiffies: mask: 0xffffffff max_cycles: 0xffffffff, max_idle_ns: 7645041785100000 ns
[    0.360026] futex hash table entries: 512 (order: 3, 32768 bytes)
[    0.364387] pinctrl core: initialized pinctrl subsystem
[    0.373118] RTC time: 10:54:15, date: 08/26/26
[    0.381033] NET: Registered protocol family 16
[    0.384320] audit: initializing netlink subsys (disabled)
[    0.388370] audit: type=2000 audit(1787741660.380:1): state=initialized audit_enabled=0 res=1
[    0.412154] cpuidle: using governor ladder
[    0.416017] cpuidle: using governor menu
[    0.420083] ACPI: bus type PCI registered
[    0.424008] acpiphp: ACPI Hot Plug PCI Controller Driver version: 0.5
[    0.429041] PCI: Using configuration type 1 for base access
[    0.440501] HugeTLB registered 2.00 MiB page size, pre-allocated 0 pages
[    0.448911] ACPI: Added _OSI(Module Device)
[    0.452216] ACPI: Added _OSI(Processor Device)
[    0.456010] ACPI: Added _OSI(3.0 _SCP Extensions)
[    0.460006] ACPI: Added _OSI(Processor Aggregator Device)
[    0.464009] ACPI: Added _OSI(Linux-Dell-Video)
[    0.468007] ACPI: Added _OSI(Linux-Lenovo-NV-HDMI-Audio)
[    0.472009] ACPI: Added _OSI(Linux-HPI-Hybrid-Graphics)
[    0.477728] ACPI: Executed 1 blocks of module-level executable AML code
[    0.493155] ACPI: Interpreter enabled
[    0.496029] ACPI: (supports S0 S5)
[    0.500006] ACPI: Using IOAPIC for interrupt routing
[    0.504916] PCI: Using host bridge windows from ACPI; if necessary, use "pci=nocrs" and report a bug
[    0.508565] ACPI: Enabled 2 GPEs in block 00 to 07
[    0.539044] ACPI: PCI Root Bridge [PCI0] (domain 0000 [bus 00-ff])
[    0.540016] acpi PNP0A03:00: _OSC: OS supports [ASPM ClockPM Segments MSI]
[    0.549758] acpi PNP0A03:00: _OSC: not requesting OS control; OS requires [ExtendedConfig ASPM ClockPM MSI]
[    0.552028] acpi PNP0A03:00: fail to add MMCONFIG information, can't access extended PCI configuration space under this bridge.
[    0.560516] PCI host bridge to bus 0000:00
[    0.564010] pci_bus 0000:00: root bus resource [io  0x0000-0x0cf7 window]
[    0.568236] pci_bus 0000:00: root bus resource [io  0x0d00-0xffff window]
[    0.572010] pci_bus 0000:00: root bus resource [mem 0x000a0000-0x000bffff window]
[    0.576009] pci_bus 0000:00: root bus resource [mem 0x80000000-0xfdffffff window]
[    0.580009] pci_bus 0000:00: root bus resource [bus 00-ff]
[    0.600326] pci 0000:00:01.1: legacy IDE quirk: reg 0x10: [io  0x01f0-0x01f7]
[    0.604008] pci 0000:00:01.1: legacy IDE quirk: reg 0x14: [io  0x03f6]
[    0.608008] pci 0000:00:01.1: legacy IDE quirk: reg 0x18: [io  0x0170-0x0177]
[    0.612008] pci 0000:00:01.1: legacy IDE quirk: reg 0x1c: [io  0x0376]
[    0.644277] pci 0000:00:07.0: quirk: [io  0x4000-0x403f] claimed by PIIX4 ACPI
[    0.648103] pci 0000:00:07.0: quirk: [io  0x4100-0x410f] claimed by PIIX4 SMB
[    0.681578] ACPI: PCI Interrupt Link [LNKA] (IRQs 5 9 10 *11)
[    0.685777] ACPI: PCI Interrupt Link [LNKB] (IRQs 5 9 *10 11)
[    0.688514] ACPI: PCI Interrupt Link [LNKC] (IRQs 5 *9 10 11)
[    0.692478] ACPI: PCI Interrupt Link [LNKD] (IRQs 5 9 10 *11)
[    0.697568] SCSI subsystem initialized
[    0.704094] pci 0000:00:02.0: vgaarb: setting as boot VGA device
[    0.708000] pci 0000:00:02.0: vgaarb: VGA device added: decodes=io+mem,owns=io+mem,locks=none
[    0.708018] pci 0000:00:02.0: vgaarb: bridge control possible
[    0.712007] vgaarb: loaded
[    0.716177] ACPI: bus type USB registered
[    0.720039] usbcore: registered new interface driver usbfs
[    0.724065] usbcore: registered new interface driver hub
[    0.728029] usbcore: registered new device driver usb
[    0.732472] EDAC MC: Ver: 3.0.0
[    0.741001] PCI: Using ACPI for IRQ routing
[    0.748026] NetLabel: Initializing
[    0.752006] NetLabel:  domain hash size = 128
[    0.756004] NetLabel:  protocols = UNLABELED CIPSOv4 CALIPSO
[    0.764034] NetLabel:  unlabeled traffic allowed by default
[    0.772473] clocksource: Switched to clocksource kvm-clock
[    0.785233] VFS: Disk quotas dquot_6.6.0
[    0.785233] VFS: Dquot-cache hash table entries: 512 (order 0, 4096 bytes)
[    0.785233] AppArmor: AppArmor Filesystem Enabled
[    0.785233] pnp: PnP ACPI init
[    0.785233] pnp: PnP ACPI: found 3 devices
[    0.969569] clocksource: acpi_pm: mask: 0xffffff max_cycles: 0xffffff, max_idle_ns: 2085701024 ns
[    0.972426] NET: Registered protocol family 2
[    0.972426] IP idents hash table entries: 32768 (order: 6, 262144 bytes)
[    1.008444] TCP established hash table entries: 16384 (order: 5, 131072 bytes)
[    1.024835] TCP bind hash table entries: 16384 (order: 6, 262144 bytes)
[    1.028124] TCP: Hash tables configured (established 16384 bind 16384)
[    1.028124] UDP hash table entries: 1024 (order: 3, 32768 bytes)
[    1.028124] UDP-Lite hash table entries: 1024 (order: 3, 32768 bytes)
[    1.028124] NET: Registered protocol family 1
[    1.028124] pci 0000:00:00.0: Limiting direct PCI/PCI transfers
[    1.028124] pci 0000:00:01.0: Activating ISA DMA hang workarounds
[    1.028124] pci 0000:00:02.0: Video device with shadowed ROM at [mem 0x000c0000-0x000dffff]
[    1.028124] Unpacking initramfs...
[    2.138875] Freeing initrd memory: 19528K
[    2.145179] clocksource: tsc: mask: 0xffffffffffffffff max_cycles: 0x22df1149949, max_idle_ns: 440795312789 ns
[    2.161017] platform rtc_cmos: registered platform RTC device (no PNP device found)
[    2.174619] Scanning for low memory corruption every 60 seconds
[    2.189149] Initialise system trusted keyrings
[    2.196785] Key type blacklist registered
[    2.206464] workingset: timestamp_bits=36 max_order=19 bucket_order=0
[    2.223052] zbud: loaded
[    2.230508] squashfs: version 4.0 (2009/01/31) Phillip Lougher
[    2.241971] fuse init (API version 7.26)
[    2.291175] Key type asymmetric registered
[    2.297661] Asymmetric key parser 'x509' registered
[    2.305812] Block layer SCSI generic (bsg) driver version 0.4 loaded (major 246)
[    2.317212] io scheduler noop registered
[    2.323685] io scheduler deadline registered
[    2.330801] io scheduler cfq registered (default)
[    2.339174] ACPI: AC Adapter [AC] (off-line)
[    2.346524] input: Power Button as /devices/LNXSYSTM:00/LNXPWRBN:00/input/input0
[    2.357693] ACPI: Power Button [PWRF]
[    2.364835] input: Sleep Button as /devices/LNXSYSTM:00/LNXSLPBN:00/input/input1
[    2.377047] ACPI: Sleep Button [SLPF]
[    2.385251] Serial: 8250/16550 driver, 32 ports, IRQ sharing enabled
[    2.388055] ACPI: Battery Slot [BAT0] (battery present)
[    2.432314] 00:02: ttyS0 at I/O 0x3f8 (irq = 4, base_baud = 115200) is a 16550A
[    2.479015] Linux agpgart interface v0.103
[    2.506008] loop: module loaded
[    2.517975] scsi host0: ata_piix
[    2.526295] scsi host1: ata_piix
[    2.530155] ata1: PATA max UDMA/33 cmd 0x1f0 ctl 0x3f6 bmdma 0xd000 irq 14
[    2.530155] ata2: PATA max UDMA/33 cmd 0x170 ctl 0x376 bmdma 0xd008 irq 15
[    2.558408] tun: Universal TUN/TAP device driver, 1.6
[    2.570572] PPP generic driver version 2.4.2
[    2.580940] ehci_hcd: USB 2.0 'Enhanced' Host Controller (EHCI) Driver
[    2.593073] ehci-pci: EHCI PCI platform driver
[    2.602501] ehci-platform: EHCI generic platform driver
[    2.611643] ohci_hcd: USB 1.1 'Open' Host Controller (OHCI) Driver
[    2.621863] ohci-pci: OHCI PCI platform driver
[    2.628766] ohci-platform: OHCI generic platform driver
[    2.637167] uhci_hcd: USB Universal Host Controller Interface driver
[    2.647520] i8042: PNP: PS/2 Controller [PNP0303:PS2K,PNP0f03:PS2M] at 0x60,0x64 irq 1,12
[    2.672160] serio: i8042 KBD port at 0x60,0x64 irq 1
[    2.681656] serio: i8042 AUX port at 0x60,0x64 irq 12
[    2.693729] mousedev: PS/2 mouse device common for all mice
[    2.712566] rtc_cmos rtc_cmos: rtc core: registered rtc_cmos as rtc0
[    2.727414] rtc_cmos rtc_cmos: alarms up to one day, 114 bytes nvram
[    2.741946] i2c /dev entries driver
[    2.750754] device-mapper: uevent: version 1.0.3
[    2.761666] device-mapper: ioctl: 4.37.0-ioctl (2017-09-20) initialised: dm-devel@redhat.com
[    2.817838] ledtrig-cpu: registered to indicate activity on CPUs
[    2.829911] input: AT Translated Set 2 keyboard as /devices/platform/i8042/serio0/input/input2
[    2.850231] NET: Registered protocol family 10
[    2.873750] Segment Routing with IPv6
[    2.880361] NET: Registered protocol family 17
[    2.887963] Key type dns_resolver registered
[    2.896352] mce: Using 0 MCE banks
[    2.902324] RAS: Correctable Errors collector initialized.
[    2.913330] sched_clock: Marking stable (2913111087, 0)->(4748757788, -1835646701)
[    2.932570] registered taskstats version 1
[    2.940574] Loading compiled-in X.509 certificates
[    2.958913] Loaded X.509 cert 'Build time autogenerated kernel key: b5b26778eaa3ab3a4a6cee031137706e947d12ad'
[    2.977652] Loaded X.509 cert 'Canonical Ltd. Live Patch Signing: 14df34d1a87cf37625abec039ef2bf521249b969'
[    2.995162] Loaded X.509 cert 'Canonical Ltd. Kernel Module Signing: 88f752e560a1e0737e31163a466ad7b70a850c19'
[    3.012576] blacklist: Loading compiled-in revocation X.509 certificates
[    3.024253] Loaded X.509 cert 'Canonical Ltd. Secure Boot Signing: 61482aa2830d0ab2ad5af10b7250da9033ddcef0'
[    3.041095] Loaded X.509 cert 'Canonical Ltd. Secure Boot Signing (2017): 242ade75ac4a15e50d50c84b0d45ff3eae707a03'
[    3.059594] Loaded X.509 cert 'Canonical Ltd. Secure Boot Signing (ESM 2018): 365188c1d374d6b07c3c8f240f8ef722433d6a8b'
[    3.079196] Loaded X.509 cert 'Canonical Ltd. Secure Boot Signing (2019): c0746fd6c5da3ae827864651ad66ae47fe24b3e8'
[    3.097599] Loaded X.509 cert 'Canonical Ltd. Secure Boot Signing (2021 v1): a8d54bbb3825cfb94fa13c9f8a594a195c107b8d'
[    3.116304] Loaded X.509 cert 'Canonical Ltd. Secure Boot Signing (2021 v2): 4cf046892d6fd3c9a5b03f98d845f90851dc6a8c'
[    3.134225] Loaded X.509 cert 'Canonical Ltd. Secure Boot Signing (2021 v3): 100437bb6de6e469b581e61cd66bce3ef4ed53af'
[    3.152760] Loaded X.509 cert 'Canonical Ltd. Secure Boot Signing (Ubuntu Core 2019): c1d57b8f6b743f23ee41f4f7ee292f06eecadfb9'
[    3.173600] zswap: loaded using pool lzo/zbud
[    3.201716] Key type big_key registered
[    3.209169] Key type trusted registered
[    3.222497] Key type encrypted registered
[    3.229420] AppArmor: AppArmor sha1 policy hashing enabled
[    3.238987] ima: No TPM chip found, activating TPM-bypass! (rc=-19)
[    3.249824] ima: Allocated hash algorithm: sha1
[    3.258524] evm: HMAC attrs: 0x1
[    3.267225]   Magic number: 6:916:932
[    3.276232] rtc_cmos rtc_cmos: setting system clock to 2026-08-26 10:54:18 UTC (1787741658)
[    3.292984] BIOS EDD facility v0.16 2004-Jun-25, 0 devices found
[    3.303680] EDD information not available.
[    3.316868] Freeing unused kernel image memory: 2480K
[    3.340512] Write protecting the kernel read-only data: 20480k
[    3.352934] Freeing unused kernel image memory: 2008K
[    3.360836] Freeing unused kernel image memory: 1820K
[    3.377826] x86/mm: Checked W+X mappings: passed, no W+X pages found.
Loading, please wait...
starting version 237
[    3.547985] e1000: Intel(R) PRO/1000 Network Driver - version 7.3.21-k8-NAPI
[    3.561321] e1000: Copyright (c) 1999-2006 Intel Corporation.
[    3.585249] Fusion MPT base driver 3.04.20
[    3.597061] Copyright (c) 1999-2008 LSI Corporation
[    3.648729] Fusion MPT SPI Host driver 3.04.20
[    3.732561] AVX2 version of gcm_enc/dec engaged.
[    3.745194] AES CTR mode by8 optimization enabled
[    3.905201] input: ImExPS/2 Generic Explorer Mouse as /devices/platform/i8042/serio1/input/input4
[    4.738536] e1000 0000:00:03.0 eth0: (PCI:33MHz:32-bit) 02:3b:7b:b7:3b:2d
[    4.749109] e1000 0000:00:03.0 eth0: Intel(R) PRO/1000 Network Connection
[    5.630824] e1000 0000:00:08.0 eth1: (PCI:33MHz:32-bit) 08:00:27:bc:14:de
[    5.641797] e1000 0000:00:08.0 eth1: Intel(R) PRO/1000 Network Connection
[    5.666287] e1000 0000:00:03.0 enp0s3: renamed from eth0
[    5.681476] mptbase: ioc0: Initiating bringup
[    5.700983] e1000 0000:00:08.0 enp0s8: renamed from eth1
[    5.816368] ioc0: LSI53C1030 A0: Capabilities={Initiator}
[    6.090490] scsi host2: ioc0: LSI53C1030 A0, FwRev=00000000h, Ports=1, MaxQ=256, IRQ=20
[    6.270993] scsi 2:0:0:0: Direct-Access     VBOX     HARDDISK         1.0  PQ: 0 ANSI: 5
[    6.332780] scsi target2:0:0: Beginning Domain Validation
[    6.356651] scsi target2:0:0: Domain Validation skipping write tests
[    6.367421] scsi target2:0:0: Ending Domain Validation
[    6.377229] scsi target2:0:0: asynchronous
[    6.391389] scsi 2:0:1:0: Direct-Access     VBOX     HARDDISK         1.0  PQ: 0 ANSI: 5
[    6.436756] scsi target2:0:1: Beginning Domain Validation
[    6.466905] scsi target2:0:1: Domain Validation skipping write tests
[    6.478924] scsi target2:0:1: Ending Domain Validation
[    6.491175] scsi target2:0:1: asynchronous
[    6.531329] sd 2:0:0:0: Attached scsi generic sg0 type 0
[    6.543608] sd 2:0:1:0: Attached scsi generic sg1 type 0
[    6.557899] sd 2:0:0:0: [sda] 83886080 512-byte logical blocks: (42.9 GB/40.0 GiB)
[    6.558796] sd 2:0:1:0: [sdb] 20480 512-byte logical blocks: (10.5 MB/10.0 MiB)
[    6.588005] sd 2:0:0:0: [sda] Write Protect is off
[    6.588308] sd 2:0:1:0: [sdb] Write Protect is off
[    6.609296] sd 2:0:1:0: [sdb] Write cache: enabled, read cache: enabled, supports DPO and FUA
[    6.609634] sd 2:0:0:0: [sda] Write cache: enabled, read cache: enabled, supports DPO and FUA
[    6.651393]  sda: sda1
[    6.654679] sd 2:0:1:0: [sdb] Attached SCSI disk
[    6.674749] sd 2:0:0:0: [sda] Attached SCSI disk
Begin: Loading essential drivers ... [    9.300440] raid6: sse2x1   gen()  5520 MB/s
[    9.356303] raid6: sse2x1   xor()  3395 MB/s
[    9.408288] raid6: sse2x2   gen()  7057 MB/s
[    9.460309] raid6: sse2x2   xor()  4638 MB/s
[    9.512853] raid6: sse2x4   gen()  7303 MB/s
[    9.564525] raid6: sse2x4   xor()  4732 MB/s
[    9.616720] raid6: avx2x1   gen() 10811 MB/s
[    9.673043] raid6: avx2x1   xor()  6336 MB/s
[    9.728694] raid6: avx2x2   gen() 13830 MB/s
[    9.784208] raid6: avx2x2   xor()  8620 MB/s
[    9.840692] raid6: avx2x4   gen() 13642 MB/s
[    9.896456] raid6: avx2x4   xor()  8094 MB/s
[    9.904371] raid6: using algorithm avx2x2 gen() 13830 MB/s
[    9.913930] raid6: .... xor() 8620 MB/s, rmw enabled
[    9.923533] raid6: using avx2x2 recovery algorithm
[    9.937737] xor: automatically using best checksumming function   avx       
[    9.954871] async_tx: api initialized (async)
done.
Begin: Running /scripts/init-premount ... done.
Begin: Mounting root file system ... Begin: Running /scripts/local-top ... done.
Begin: Running /scripts/local-premount ... [   10.106335] Btrfs loaded, crc32c=crc32c-intel
Scanning for Btrfs filesystems
done.
Warning: fsck not present, so skipping root file system
[   10.219169] EXT4-fs (sda1): mounted filesystem with ordered data mode. Opts: (null)
done.
Begin: Running /scripts/local-bottom ... done.
Begin: Running /scripts/init-bottom ... done.
[   10.615891] ip_tables: (C) 2000-2006 Netfilter Core Team
[   10.650670] systemd[1]: systemd 237 running in system mode. (+PAM +AUDIT +SELINUX +IMA +APPARMOR +SMACK +SYSVINIT +UTMP +LIBCRYPTSETUP +GCRYPT +GNUTLS +ACL +XZ +LZ4 +SECCOMP +BLKID +ELFUTILS +KMOD -IDN2 +IDN -PCRE2 default-hierarchy=hybrid)
[   10.689001] systemd[1]: Detected virtualization oracle.
[   10.698690] systemd[1]: Detected architecture x86-64.

Welcome to [1mUbuntu 18.04.6 LTS[0m!

[   10.786179] systemd[1]: Set hostname to <ubuntu>.
[   10.806669] systemd[1]: Initializing machine ID from random generator.
[   10.816095] systemd[1]: Installed transient /etc/machine-id file.
[   11.425345] systemd[1]: Created slice User and Session Slice.
[[0;32m  OK  [0m] Created slice User and Session Slice.
[   11.440952] systemd[1]: Set up automount Arbitrary Executable File Formats File System Automount Point.
[[0;32m  OK  [0m] Set up automount Arbitrary Executab…rmats File System Automount Point.
[   11.462549] systemd[1]: Reached target Mounting snaps.
[[0;32m  OK  [0m] Reached target Mounting snaps.
[   11.475765] systemd[1]: Reached target Mounted snaps.
[[0;32m  OK  [0m] Reached target Mounted snaps.
[[0;32m  OK  [0m] Created slice System Slice.
[[0;32m  OK  [0m] Created slice system-serial\x2dgetty.slice.
[[0;32m  OK  [0m] Listening on LVM2 poll daemon socket.
[[0;32m  OK  [0m] Listening on udev Kernel Socket.
[[0;32m  OK  [0m] Listening on Journal Audit Socket.
[[0;32m  OK  [0m] Listening on LVM2 metadata daemon socket.
[[0;32m  OK  [0m] Listening on udev Control Socket.
[[0;32m  OK  [0m] Reached target Swap.
[[0;32m  OK  [0m] Listening on Journal Socket.
         Mounting POSIX Message Queue File System...
         Starting Load Kernel Modules...
         Starting Create list of required st…ce nodes for the current kernel...
         Mounting Kernel Debug File System...
         Starting Uncomplicated firewall...
         Starting udev Coldplug all Devices...
         Starting Set the console keyboard layout...
[[0;32m  OK  [0m] Reached target User and Group Name Lookups.
         Mounting Huge Pages File System...
[[0;32m  OK  [0m] Listening on /dev/initctl Compatibility Named Pipe.
[[0;32m  OK  [0m] Reached target Slices.
[[0;32m  OK  [0m] Reached target System Time Synchronized.
[[0;32m  OK  [0m] Listening on Syslog Socket.
[[0;32m  OK  [0m] Started Forward Password Requests to Wall Directory Watch.
[[0;32m  OK  [0m] Listening on fsck to fsckd communication Socket.
[[0;32m  OK  [0m] Listening on Journal Socket (/dev/log).
         Starting Journal Service...
[   11.659774] Loading iSCSI transport class v2.0-870.
[[0;32m  OK  [0m] Listening on Device-mapper event daemon FIFOs.
         Starting Monitoring of LVM2 mirrors…ng dmeventd or progress polling...
[[0;32m  OK  [0m] Listening on Network Service Netlink Socket.
         Starting File System Check on Root Device...
[[0;32m  OK  [0m] Mounted POSIX Message Queue File System.
[[0;32m  OK  [0m] Started Create list of required sta…vice nodes for the current kernel.
[[0;32m  OK  [0m] Mounted Kernel Debug File System.
[[0;32m  OK  [0m] Started Uncomplicated firewall.
[[0;32m  OK  [0m] Mounted Huge Pages File System.
         Starting Create Static Device Nodes in /dev...
[[0;32m  OK  [0m] Started File System Check Daemon to report status.
[[0;32m  OK  [0m] Started udev Coldplug all Devices.
[[0;32m  OK  [0m] Started LVM2 metadata daemon.
[[0;32m  OK  [0m] Started Create Static Device Nodes in /dev.
[   11.913951] iscsi: registered transport (tcp)
[[0;32m  OK  [0m] Started Journal Service.
[[0;32m  OK  [0m] Started File System Check on Root Device.
         Starting Remount Root and Kernel File Systems...
[[0;32m  OK  [0m] Started Monitoring of LVM2 mirrors,…sing dmeventd or progress polling.
[   12.063665] EXT4-fs (sda1): re-mounted. Opts: (null)
[[0;32m  OK  [0m] Started Remount Root and Kernel File Systems.
         Starting udev Kernel Device Manager...
         Starting Flush Journal to Persistent Storage...
         Starting Load/Save Random Seed...
[   12.160020] systemd-journald[420]: Received request to flush runtime journal from PID 1
[[0;32m  OK  [0m] Started Load/Save Random Seed.
[[0;32m  OK  [0m] Started udev Kernel Device Manager.
[   12.346252] iscsi: registered transport (iser)
[[0;32m  OK  [0m] Started Load Kernel Modules.
[[0;32m  OK  [0m] Started Flush Journal to Persistent Storage.
         Mounting FUSE Control File System...
         Starting Apply Kernel Variables...
         Mounting Kernel Configuration File System...
[[0;32m  OK  [0m] Mounted FUSE Control File System.
[[0;32m  OK  [0m] Mounted Kernel Configuration File System.
[[0;32m  OK  [0m] Started Apply Kernel Variables.
[[0;32m  OK  [0m] Found device /dev/ttyS0.
[[0;32m  OK  [0m] Listening on Load/Save RF Kill Switch Status /dev/rfkill Watch.
         Mounting Arbitrary Executable File Formats File System...
[[0;32m  OK  [0m] Mounted Arbitrary Executable File Formats File System.
[[0;32m  OK  [0m] Started Set the console keyboard layout.
[[0;32m  OK  [0m] Reached target Local File Systems (Pre).
[[0;32m  OK  [0m] Reached target Local File Systems.
         Starting ebtables ruleset management...
         Starting Create Volatile Files and Directories...
         Starting Set console font and keymap...
         Starting Commit a transient machine-id on disk...
         Starting Tell Plymouth To Write Out Runtime Data...
         Starting AppArmor initialization...
[[0;32m  OK  [0m] Started Dispatch Password Requests to Console Directory Watch.
[[0;32m  OK  [0m] Reached target Local Encrypted Volumes.
[[0;32m  OK  [0m] Started Tell Plymouth To Write Out Runtime Data.
[[0;32m  OK  [0m] Started Create Volatile Files and Directories.
         Starting Update UTMP about System Boot/Shutdown...
[[0;32m  OK  [0m] Started Commit a transient machine-id on disk.
[[0;32m  OK  [0m] Started Update UTMP about System Boot/Shutdown.
[[0;32m  OK  [0m] Started ebtables ruleset management.
[[0;32m  OK  [0m] Started AppArmor initialization.
         Starting Load AppArmor profiles managed internally by snapd...
         Starting Initial cloud-init job (pre-networking)...
[[0;32m  OK  [0m] Started Load AppArmor profiles managed internally by snapd.
[[0;32m  OK  [0m] Started Set console font and keymap.
[   20.323044] cloud-init[781]: Cloud-init v. 23.1.2-0ubuntu0~18.04.1 running 'init-local' at Wed, 26 Aug 2026 10:54:34 +0000. Up 19.57 seconds.
[[0;32m  OK  [0m] Started Initial cloud-init job (pre-networking).
[[0;32m  OK  [0m] Reached target Network (Pre).
         Starting Network Service...
[[0;32m  OK  [0m] Started Network Service.
         Starting Wait for Network to be Configured...
         Starting Network Name Resolution...
[[0;32m  OK  [0m] Started Network Name Resolution.
[[0;32m  OK  [0m] Reached target Network.
[[0;32m  OK  [0m] Reached target Host and Network Name Lookups.
[[0;32m  OK  [0m] Started Wait for Network to be Configured.
         Starting Initial cloud-init job (metadata service crawler)...
[   23.208280] cloud-init[931]: Cloud-init v. 23.1.2-0ubuntu0~18.04.1 running 'init' at Wed, 26 Aug 2026 10:54:38 +0000. Up 22.91 seconds.
[   23.213435] cloud-init[931]: ci-info: ++++++++++++++++++++++++++++++++++++++++++++Net device info++++++++++++++++++++++++++++++++++++++++++++
[   23.219991] cloud-init[931]: ci-info: +--------+-------+---------------------------------------+---------------+--------+-------------------+
[   23.229987] cloud-init[931]: ci-info: | Device |   Up  |                Address                |      Mask     | Scope  |     Hw-Address    |
[   23.238864] cloud-init[931]: ci-info: +--------+-------+---------------------------------------+---------------+--------+-------------------+
[   23.247663] cloud-init[931]: ci-info: | enp0s3 |  True |               10.0.2.15               | 255.255.255.0 | global | 02:3b:7b:b7:3b:2d |
[   23.257513] cloud-init[931]: ci-info: | enp0s3 |  True | fd17:625c:f037:2:3b:7bff:feb7:3b2d/64 |       .       | global | 02:3b:7b:b7:3b:2d |
[   23.265905] cloud-init[931]: ci-info: | enp0s3 |  True |       fe80::3b:7bff:feb7:3b2d/64      |       .       |  link  | 02:3b:7b:b7:3b:2d |
[   23.273726] cloud-init[931]: ci-info: | enp0s8 | False |                   .                   |       .       |   .    | 08:00:27:bc:14:de |
[   23.281092] cloud-init[931]: ci-info: |   lo   |  True |               127.0.0.1               |   255.0.0.0   |  host  |         .         |
[   23.287670] cloud-init[931]: ci-info: |   lo   |  True |                ::1/128                |       .       |  host  |         .         |
[   23.295003] cloud-init[931]: ci-info: +--------+-------+---------------------------------------+---------------+--------+-------------------+
[   23.303579] cloud-init[931]: ci-info: ++++++++++++++++++++++++++++Route IPv4 info+++++++++++++++++++++++++++++
[   23.311429] cloud-init[931]: ci-info: +-------+-------------+----------+-----------------+-----------+-------+
[   23.318988] cloud-init[931]: ci-info: | Route | Destination | Gateway  |     Genmask     | Interface | Flags |
[   23.326400] cloud-init[931]: ci-info: +-------+-------------+----------+-----------------+-----------+-------+
[   23.334591] cloud-init[931]: ci-info: |   0   |   0.0.0.0   | 10.0.2.2 |     0.0.0.0     |   enp0s3  |   UG  |
[   23.342106] cloud-init[931]: ci-info: |   1   |   10.0.2.0  | 0.0.0.0  |  255.255.255.0  |   enp0s3  |   U   |
[   23.349839] cloud-init[931]: ci-info: |   2   |   10.0.2.2  | 0.0.0.0  | 255.255.255.255 |   enp0s3  |   UH  |
[   23.355878] cloud-init[931]: ci-info: +-------+-------------+----------+-----------------+-----------+-------+
[   23.363009] cloud-init[931]: ci-info: ++++++++++++++++++++++++Route IPv6 info++++++++++++++++++++++++
[   23.370325] cloud-init[931]: ci-info: +-------+-----------------------+---------+-----------+-------+
[   23.376822] cloud-init[931]: ci-info: | Route |      Destination      | Gateway | Interface | Flags |
[   23.384027] cloud-init[931]: ci-info: +-------+-----------------------+---------+-----------+-------+
[   23.397761] cloud-init[931]: ci-info: |   1   | fd17:625c:f037:2::/64 |    ::   |   enp0s3  |   U   |
[   23.411173] cloud-init[931]: ci-info: |   2   |       fe80::/64       |    ::   |   enp0s3  |   U   |
[   23.419301] cloud-init[931]: ci-info: |   3   |          ::/0         | fe80::2 |   enp0s3  |   UG  |
[   23.435681] cloud-init[931]: ci-info: |   5   |         local         |    ::   |   enp0s3  |   U   |
[   23.442533] cloud-init[931]: ci-info: |   6   |        ff00::/8       |    ::   |   enp0s3  |   U   |
[   23.450264] cloud-init[931]: ci-info: +-------+-----------------------+---------+-----------+-------+
[   24.866423] cloud-init[931]: Generating public/private rsa key pair.
[   24.878169] cloud-init[931]: Your identification has been saved in /etc/ssh/ssh_host_rsa_key.
[   24.891048] cloud-init[931]: Your public key has been saved in /etc/ssh/ssh_host_rsa_key.pub.
[   24.902222] cloud-init[931]: The key fingerprint is:
[   24.913746] cloud-init[931]: SHA256:6tnuLH7bLna9msXUjY4khOAXyIUXDy+7kgUG54KvoDU root@ubuntu-bionic
[   24.929331] cloud-init[931]: The key's randomart image is:
[   24.937290] cloud-init[931]: +---[RSA 2048]----+
[   24.950227] cloud-init[931]: |    ..o+=.       |
[   24.961101] cloud-init[931]: |   . =+..*       |
[   24.970162] cloud-init[931]: |  . . =.+ +      |[[0;32m  OK  [0m] Started Initial cloud-init job (metadata service crawler).
[[0;32m  OK  [0m] Reached target Cloud-config availability.
[[0;32m  OK  [0m] Reached target Network is Online.

[[0;32m  OK  [0m] Reached target Remote File Systems (Pre).
[[0;32m  OK  [0m] Reached target Remote File Systems.
[   25.002171] cloud-init         Starting Availability of block devices...
[[0;32m  OK  [0m] Reached target System Initialization.
         Starting LXD - unix socket.
[[0;32m  OK  [0m] Listening on UUID daemon activation socket.
[[0;32m  OK  [0m] Listening on cloud-init hotplug hook socket.
[[0;32m  OK  [0m] Started Daily apt download activities.
         Starting Socket activation for snappy daemon.
[[0;32m  OK  [0m] Started Discard unused blocks once a week.
[[0;32m  OK  [0m] Listening on D-Bus System Message Bus Socket.
[[0;32m  OK  [0m] Listening on Open-iSCSI iscsid Socket.
[[0;32m  OK  [0m] Started Message of the Day.
[[0;32m  OK  [0m] Started Daily Cleanup of Temporary Directories.
[[0;32m  OK  [0m] Started Daily apt upgrade and clean activities.
[[0;32m  OK  [0m] Started ACPI Events Check.
[[0;32m  OK  [0m] Reached target Paths.
[[0;32m  OK  [0m] Listening on ACPID Listen Socket.
[[0;32m  OK  [0m] Started Ubuntu Advantage Timer for running repeated jobs.
[[0;32m  OK  [0m] Reached target Timers.
[[0;32m  OK  [0m] Started Availability of block devices.
[[0;32m  OK  [0m] Listening on LXD - unix socket.
[[0;32m  OK  [0m] Listening on Socket activation for snappy daemon.
[[0;32m  OK  [0m] Reached target Sockets.
[[0;32m  OK  [0m] Reached target Basic System.
[[0;32m  OK  [0m] Started Regular background program processing daemon.
         Starting Pollinate to seed the pseudo random number generator...
[[0;32m  OK  [0m] Started FUSE filesystem for LXC.
         Starting LSB: automatic crash report generation...
[[0;32m  OK  [0m] Started Deferred execution scheduler.
[931]: |   . o o +   . o |         Starting Login Service...
[[0;32m  OK  [0m] Reached target Login Prompts (Pre).
         Starting System Logging Service...

         Starting Permit User Sessions...
[   25.175966]          Starting LSB: Record successful boot for GRUB...
cloud-init[931]: |. E .   S . o o .|
[   25.202873] cloud-init[931]: |.o o   + . = o   |
[   25.213283] cloud-init[931]: |. .   + .  .+ .  |
[   25.219969] cloud-init[931]: |     ..=+..o.    |
[   25.226900] cloud-init[931]: |     .+**==...   |
[[0;32m  OK  [0m] Started irqbalance daemon.
         Starting Accounts Service...
[   25.253163] cloud-init[931]: +----[SHA256]-----+
[   25.274689] cloud-init[931]: Generating public/private dsa key pair.
[   25.279014] cloud-init[931]: Your identification has been saved in /etc/ssh/ssh_host_dsa_key.
[   25.285419] cloud-init[931]: Your public key has been saved in /etc/ssh/ssh_host_dsa_key.pub.
[   25.289896] cloud-init[931]: The key fingerprint is:
[   25.292666] cloud-init[931]: SHA256:LFuMac+sacLyBL1dtQ9cl/RN1iXStbV80ytjtmT/jaY root@ubuntu-bionic
[   25.297598] cloud-init[931]: The key's randomart image is:
[   25.301388] cloud-init[931]: +---[DSA 1024]----+
[   25.305817] cloud-init[931]: |            ..o.O|
[   25.310281] cloud-init[931]: |             oo*B|
[   25.314333] cloud-init[931]: |          . . o==|
[   25.318654] cloud-init[931]: |   .   = o o .  +|
[   25.321453] cloud-init[931]: |  . . = S +  B . |
[   25.325082] cloud-init[931]: |   . + O   o= =  |
[   25.328756] cloud-init[931]: |   .o o +   .. . |
[   25.332797] cloud-init[931]: |  ..o .o      ..o|
[   25.336997] cloud-init[931]: |   o.oo     Eo. o|
[   25.341584] cloud-init[931]: +----[SHA256]-----+
[   25.346379] cloud-init[931]: Generating public/private ecdsa key pair.
[   25.353005] cloud-init[931]: Your identification has been saved in /etc/ssh/ssh_host_ecdsa_key.
[   25.358321] cloud-init[931]: Your public key has been saved in /etc/ssh/ssh_host_ecdsa_key.pub.
[   25.365635] cloud-init[931]: The key fingerprint is:
[   25.370375] cloud-init[931]: SHA256:XjqdC7jOoi7FFFZA9xwCmbU0NOocMM1qwjL9sqOhOQo root@ubuntu-bionic
[   25.376558] cloud-init[931]: The key's randomart image is:
[   25.382301] cloud-init[931]: +---[ECDSA 256]---+
[   25.389348] cloud-init[931]: |o++OX .          |
[   25.394154] cloud-init[931]: | oB+ B .         |
[   25.398016] cloud-init[931]: |.+o.. o          |
[   25.402028] cloud-init[931]: |==o.             |
[   25.412802] cloud-init[931]: |++o.    S .      |
[   25.417285] cloud-init[931]: |  + .  o + .     |
[   25.422073] cloud-init[931]: |E. o  . = o      |
[   25.426421] cloud-init[931]: |=oo .. . o .     |
[   25.431406] cloud-init[931]: |*=oo o+   .      |
[   25.435998] cloud-init[931]: +----[SHA256]-----+
[   25.440929] cloud-init[931]: Generating public/private ed25519 key pair.
[   25.446278] cloud-init[931]: Your identification has been saved in /etc/ssh/ssh_host_ed25519_key.
[   25.454042] cloud-init[931]: Your public key has been saved in /etc/ssh/ssh_host_ed25519_key.pub.
[   25.458314] cloud-init[931]: The key fingerprint is:
[   25.460955] cloud-init[931]: SHA256:bbPNw6iTcWti4AVoG+ArSMfaTOyFPwktBVSPQwSnnPc root@ubuntu-bionic
         Starting Snap Daemon...
[   25.471870] cloud-init[931]: The key's randomart image is:
[   25.487576] cloud-init[931]: +--[ED25519 256]--+
         Starting Virtualbox guest utils...
[   25.497937] cloud-init[931]: |  .+==           |
[   25.513690] cloud-init[931]: |  o =.o          |
[   25.522418] cloud-init[931]: | .o=+= .         |
[   25.529732] cloud-init[931]: | ..O=o+  .       |
[   25.541729] cloud-init[931]: |o Bo=o.ES +      |
[   25.551105] cloud-init[931]: |o..+.+. o..B     |
[   25.561382] cloud-init[931]: | .   ..o +o.=    |
[   25.575492] cloud-init[931]: |      . =.o  .   |
[   25.602217] cloud-init[931]: |       ..+       |
[   25.622211] cloud-init[931]:          Starting Dispatcher daemon for systemd-networkd...
[[0;32m  OK  [0m] Started D-Bus System Message Bus.
+----[SHA256]-----+
[[0;32m  OK  [0m] Started Login Service.
[[0;32m  OK  [0m] Started Unattended Upgrades Shutdown.
         Starting LXD - container startup/shutdown...
[[0;32m  OK  [0m] Started System Logging Service.
[[0;32m  OK  [0m] Started Permit User Sessions.
         Starting Hold until boot process finishes up...
         Starting Terminate Plymouth Boot Screen...
[[0;32m  OK  [0m] Started Hold until boot process finishes up.
         Starting Set console scheme...
[[0;32m  OK  [0m] Started Serial Getty on ttyS0.
[[0;32m  OK  [0m] Started Terminate Plymouth Boot Screen.
[[0;32m  OK  [0m] Started Set console scheme.
[[0;32m  OK  [0m] Created slice system-getty.slice.
[[0;32m  OK  [0m] Started Getty on tty1.
[[0;32m  OK  [0m] Reached target Login Prompts.
         Starting Authorization Manager...
[[0;32m  OK  [0m] Started LSB: automatic crash report generation.
[[0;32m  OK  [0m] Started LSB: Record successful boot for GRUB.
[[0;32m  OK  [0m] Started Authorization Manager.
[[0;32m  OK  [0m] Started Accounts Service.
[[0;32m  OK  [0m] Started Virtualbox guest utils.
[[0;32m  OK  [0m] Started LXD - container startup/shutdown.
[[0;32m  OK  [0m] Started Dispatcher daemon for systemd-networkd.
[[0;32m  OK  [0m] Started Snap Daemon.
         Starting Wait until snapd is fully seeded...
         Starting Time & Date Service...
[[0;32m  OK  [0m] Started Time & Date Service.
[[0;32m  OK  [0m] Started Pollinate to seed the pseudo random number generator.
         Starting OpenBSD Secure Shell server...
[[0;32m  OK  [0m] Started OpenBSD Secure Shell server.
[[0;32m  OK  [0m] Created slice User Slice of vagrant.
[[0;32m  OK  [0m] Started Session 1 of user vagrant.
         Starting User Manager for UID 1000...
[[0;32m  OK  [0m] Started User Manager for UID 1000.

Ubuntu 18.04.6 LTS ubuntu-bionic ttyS0

ubuntu-bionic login: [   35.299672] cloud-init[1431]: Cloud-init v. 23.1.2-0ubuntu0~18.04.1 running 'modules:config' at Wed, 26 Aug 2026 10:54:48 +0000. Up 33.28 seconds.
ci-info: no authorized SSH keys fingerprints found for user ubuntu.
<14>Aug 26 10:54:52 cloud-init: #############################################################
<14>Aug 26 10:54:52 cloud-init: -----BEGIN SSH HOST KEY FINGERPRINTS-----
<14>Aug 26 10:54:52 cloud-init: 1024 SHA256:LFuMac+sacLyBL1dtQ9cl/RN1iXStbV80ytjtmT/jaY root@ubuntu-bionic (DSA)
<14>Aug 26 10:54:52 cloud-init: 256 SHA256:XjqdC7jOoi7FFFZA9xwCmbU0NOocMM1qwjL9sqOhOQo root@ubuntu-bionic (ECDSA)
<14>Aug 26 10:54:52 cloud-init: 256 SHA256:bbPNw6iTcWti4AVoG+ArSMfaTOyFPwktBVSPQwSnnPc root@ubuntu-bionic (ED25519)
<14>Aug 26 10:54:52 cloud-init: 2048 SHA256:6tnuLH7bLna9msXUjY4khOAXyIUXDy+7kgUG54KvoDU root@ubuntu-bionic (RSA)
<14>Aug 26 10:54:52 cloud-init: -----END SSH HOST KEY FINGERPRINTS-----
<14>Aug 26 10:54:52 cloud-init: #############################################################
-----BEGIN SSH HOST KEY KEYS-----
ecdsa-sha2-nistp256 AAAAE2VjZHNhLXNoYTItbmlzdHAyNTYAAAAIbmlzdHAyNTYAAABBBMpInVuzrS2YDDx6s847PHnPhgeud4bZCoITvafX9NJdIA3UuC97iDfNren1171MVuhq5SgH/KFLZcrYyQRmJeo= root@ubuntu-bionic
ssh-ed25519 AAAAC3NzaC1lZDI1NTE5AAAAIDk1KpomXMkokyy/SYk7GlSL9bIlBcWPZ0U+CgmyFZV9 root@ubuntu-bionic
ssh-rsa AAAAB3NzaC1yc2EAAAADAQABAAABAQCtP0Vjuq5Xsb56DPUZZtH0Z/NV27rM+R7gGZA98ACl6auNv1ge7a7QxD5L3ZDw08bine6HH9sr2c+eDBfi14ECY4aZBUuENNu4C7+QupBTMIB/J0Dk1jDiJ5FRLozqz9fGwlmCF+Dcg+0bgBdNSjbpSxxVP6/U3IKHUKds/Xw1hRabGfI3k325GyHgDG7AHv0x1NRu7ss/zJjJX1Jtx0lh657pXwGH1MkL1KqZf8KEIGOzZ4/rccQtupkeUuujvYQ2EhTV2sqpY2RcZi8KoSCSMhVH14M8+eRNX+NXQOMOXZ6MRSnuM9+QKi/x7YPmThwZ+krnY8JddEmIbJGCdiCJ root@ubuntu-bionic
-----END SSH HOST KEY KEYS-----
[   37.103706] cloud-init[1594]: Cloud-init v. 23.1.2-0ubuntu0~18.04.1 running 'modules:final' at Wed, 26 Aug 2026 10:54:51 +0000. Up 36.60 seconds.
[   37.103868] cloud-init[1594]: Cloud-init v. 23.1.2-0ubuntu0~18.04.1 finished at Wed, 26 Aug 2026 10:54:52 +0000. Datasource DataSourceNoCloud [seed=/dev/sdb][dsmode=net].  Up 37.08 seconds
[[0;32m  OK  [0m] Closed Load/Save RF Kill Switch Status /dev/rfkill Watch.
[[0;32m  OK  [0m] Stopped target Cloud-init target.
[[0;32m  OK  [0m] Stopped Execute cloud user/final scripts.
[[0;32m  OK  [0m] Stopped Apply the settings specified in cloud-config.
[[0;32m  OK  [0m] Stopped target Graphical Interface.
         Stopping Accounts Service...
[[0;32m  OK  [0m] Stopped target Multi-User System.
         Stopping Virtualbox guest utils...
         Stopping Dispatcher daemon for systemd-networkd...         Stopping Serial Getty on ttyS0...
         Stopping Getty on tty1...
[[0;32m  OK  [0m] Stopped target Cloud-config availability.
[[0;32m  OK  [0m] Stopped target Timers.
[[0;32m  OK  [0m] Stopped Message of the Day.
[[0;32m  OK  [0m] Stopped Daily Cleanup of Temporary Directories.
[[0;32m  OK  [0m] Stopped Discard unused blocks once a week.
[[0;32m  OK  [0m] Stopped Ubuntu Advantage Timer for running repeated jobs.
         Stopping Availability of block devices...
         Stopping irqbalance daemon...
         Stopping Regular background program processing daemon...
         Stopping Authorization Manager...
[[0;32m  OK  [0m] Stopped Wait until snapd is fully seeded.
         Stopping LSB: automatic crash report generation...
         Stopping Session 7 of user vagrant.
         Stopping Deferred execution scheduler...
[[0;32m  OK  [0m] Stopped Daily apt upgrade and clean activities.
[[0;32m  OK  [0m] Stopped Daily apt download activities.
[[0;32m  OK  [0m] Stopped target System Time Synchronized.
         Stopping System Logging Service...
[[0;32m  OK  [0m] Stopped target Host and Network Name Lookups.
         Stopping User Manager for UID 1000...
         Stopping LSB: Record successful boot for GRUB...
[[0;32m  OK  [0m] Unmounted /var/lib/lxcfs.
[[0;32m  OK  [0m] Stopped Regular background program processing daemon.
[[0;32m  OK  [0m] Stopped Deferred execution scheduler.
[[0;32m  OK  [0m] Stopped System Logging Service.
[[0;32m  OK  [0m] Stopped irqbalance daemon.
[[0;32m  OK  [0m] Stopped Accounts Service.
[[0;32m  OK  [0m] Stopped Dispatcher daemon for systemd-networkd.
[[0;32m  OK  [0m] Stopped Serial Getty on ttyS0.
[[0;32m  OK  [0m] Stopped Getty on tty1.
[[0;32m  OK  [0m] Stopped Unattended Upgrades Shutdown.
[[0;32m  OK  [0m] Stopped Authorization Manager.
[[0;32m  OK  [0m] Stopped OpenBSD Secure Shell server.
[[0;32m  OK  [0m] Stopped User Manager for UID 1000.
[[0;32m  OK  [0m] Stopped D-Bus System Message Bus.
[[0;32m  OK  [0m] Stopped Availability of block devices.
[[0;32m  OK  [0m] Stopped FUSE filesystem for LXC.
[[0;32m  OK  [0m] Stopped Session 7 of user vagrant.
[[0;32m  OK  [0m] Stopped LXD - container startup/shutdown.
[[0;32m  OK  [0m] Removed slice User Slice of vagrant.
         Stopping Login Service...
[[0;32m  OK  [0m] Removed slice system-getty.slice.
[[0;32m  OK  [0m] Stopped target Login Prompts (Pre).
         Stopping Permit User Sessions...
[[0;32m  OK  [0m] Removed slice system-serial\x2dgetty.slice.
[[0;32m  OK  [0m] Stopped LSB: Record successful boot for GRUB.
[[0;32m  OK  [0m] Stopped Permit User Sessions.
[[0;32m  OK  [0m] Stopped LSB: automatic crash report generation.
[[0;32m  OK  [0m] Stopped target Remote File Systems.
         Unmounting /vagrant...
[[0;32m  OK  [0m] Stopped Login Service.
[[0;32m  OK  [0m] Stopped Virtualbox guest utils.
[[0;32m  OK  [0m] Stopped target User and Group Name Lookups.
[[0;32m  OK  [0m] Unmounted /vagrant.
[[0;32m  OK  [0m] Stopped target Remote File Systems (Pre).
[[0;32m  OK  [0m] Unmounted /run/docker/netns/29526c386e31.
[[0;32m  OK  [0m] Unmounted /var/lib/docker/overlay2/…572b163cf41d997cd1d57f39f8/merged.
[[0;32m  OK  [0m] Stopped Docker Application Container Engine.
[[0;32m  OK  [0m] Stopped target Network is Online.
         Stopping containerd container runtime...
[[0;32m  OK  [0m] Stopped containerd container runtime.
[[0;32m  OK  [0m] Stopped target Basic System.
[[0;32m  OK  [0m] Stopped target Sockets.
[[0;32m  OK  [0m] Closed cloud-init hotplug hook socket.
[[0;32m  OK  [0m] Closed Docker Socket for the API.
[[0;32m  OK  [0m] Closed D-Bus System Message Bus Socket.
[[0;32m  OK  [0m] Closed ACPID Listen Socket.
[[0;32m  OK  [0m] Closed UUID daemon activation socket.
[[0;32m  OK  [0m] Closed LXD - unix socket.
[[0;32m  OK  [0m] Closed Socket activation for snappy daemon.
[[0;32m  OK  [0m] Closed Open-iSCSI iscsid Socket.
[[0;32m  OK  [0m] Closed Syslog Socket.
[[0;32m  OK  [0m] Stopped target Paths.
[[0;32m  OK  [0m] Stopped ACPI Events Check.
[[0;32m  OK  [0m] Stopped target System Initialization.
         Stopping Update UTMP about System Boot/Shutdown...
[[0;32m  OK  [0m] Stopped target Local Encrypted Volumes.
[[0;32m  OK  [0m] Stopped Dispatch Password Requests to Console Directory Watch.
[[0;32m  OK  [0m] Stopped Forward Password Requests to Wall Directory Watch.
[[0;32m  OK  [0m] Stopped Initial cloud-init job (metadata service crawler).
         Stopping Load/Save Random Seed...
[[0;32m  OK  [0m] Stopped Commit a transient machine-id on disk.
[[0;32m  OK  [0m] Stopped target Slices.
[[0;32m  OK  [0m] Removed slice User and Session Slice.
[[0;32m  OK  [0m] Stopped target Network.
         Stopping Network Name Resolution...
[[0;32m  OK  [0m] Stopped Update UTMP about System Boot/Shutdown.
[[0;32m  OK  [0m] Stopped Load/Save Random Seed.
[[0;32m  OK  [0m] Stopped Network Name Resolution.
[[0;32m  OK  [0m] Stopped Create Volatile Files and Directories.
[[0;32m  OK  [0m] Stopped target Local File Systems.
[[0;32m  OK  [0m] Stopped target Mounted snaps.
[[0;32m  OK  [0m] Stopped target Mounting snaps.
         Unmounting /run/user/1000...
         Stopping Network Service...
[[0;32m  OK  [0m] Unmounted /run/user/1000.
[[0;32m  OK  [0m] Reached target Unmount All Filesystems.
[[0;32m  OK  [0m] Stopped target Local File Systems (Pre).
         Stopping Monitoring of LVM2 mirrors…ng dmeventd or progress polling...
[[0;32m  OK  [0m] Stopped Create Static Device Nodes in /dev.
[[0;32m  OK  [0m] Stopped target Swap.
[[0;32m  OK  [0m] Stopped Monitoring of LVM2 mirrors,…sing dmeventd or progress polling.
         Stopping LVM2 metadata daemon...
[[0;32m  OK  [0m] Stopped LVM2 metadata daemon.
[[0;32m  OK  [0m] Stopped Network Service.
[[0;32m  OK  [0m] Stopped target Network (Pre).
[[0;32m  OK  [0m] Stopped Initial cloud-init job (pre-networking).
[[0;32m  OK  [0m] Stopped Remount Root and Kernel File Systems.
[[0;32m  OK  [0m] Stopped Apply Kernel Variables.
[[0;32m  OK  [0m] Stopped Load Kernel Modules.
[[0;32m  OK  [0m] Reached target Shutdown.
[[0;32m  OK  [0m] Reached target Final Step.
         Starting Reboot...
[ 1072.042915] reboot: Restarting system
[    0.000000] Linux version 4.15.0-212-generic (buildd@lcy02-amd64-083) (gcc version 7.5.0 (Ubuntu 7.5.0-3ubuntu1~18.04)) #223-Ubuntu SMP Tue May 23 13:09:22 UTC 2023 (Ubuntu 4.15.0-212.223-generic 4.15.18)
[    0.000000] Command line: BOOT_IMAGE=/boot/vmlinuz-4.15.0-212-generic root=LABEL=cloudimg-rootfs ro console=tty1 console=ttyS0
[    0.000000] KERNEL supported cpus:
[    0.000000]   Intel GenuineIntel
[    0.000000]   AMD AuthenticAMD
[    0.000000]   Centaur CentaurHauls
[    0.000000] x86/fpu: Supporting XSAVE feature 0x001: 'x87 floating point registers'
[    0.000000] x86/fpu: Supporting XSAVE feature 0x002: 'SSE registers'
[    0.000000] x86/fpu: Supporting XSAVE feature 0x004: 'AVX registers'
[    0.000000] x86/fpu: xstate_offset[2]:  576, xstate_sizes[2]:  256
[    0.000000] x86/fpu: Enabled xstate features 0x7, context size is 832 bytes, using 'standard' format.
[    0.000000] e820: BIOS-provided physical RAM map:
[    0.000000] BIOS-e820: [mem 0x0000000000000000-0x000000000009fbff] usable
[    0.000000] BIOS-e820: [mem 0x000000000009fc00-0x000000000009ffff] reserved
[    0.000000] BIOS-e820: [mem 0x00000000000f0000-0x00000000000fffff] reserved
[    0.000000] BIOS-e820: [mem 0x0000000000100000-0x000000007ffeffff] usable
[    0.000000] BIOS-e820: [mem 0x000000007fff0000-0x000000007fffffff] ACPI data
[    0.000000] BIOS-e820: [mem 0x00000000fec00000-0x00000000fec00fff] reserved
[    0.000000] BIOS-e820: [mem 0x00000000fee00000-0x00000000fee00fff] reserved
[    0.000000] BIOS-e820: [mem 0x00000000fffc0000-0x00000000ffffffff] reserved
[    0.000000] NX (Execute Disable) protection: active
[    0.000000] SMBIOS 2.5 present.
[    0.000000] DMI: innotek GmbH VirtualBox/VirtualBox, BIOS VirtualBox 12/01/2006
[    0.000000] Hypervisor detected: KVM
[    0.000000] e820: last_pfn = 0x7fff0 max_arch_pfn = 0x400000000
[    0.000000] x86/PAT: Configuration [0-7]: WB  WC  UC- UC  WB  WP  UC- WT  
[    0.000000] CPU MTRRs all blank - virtualized system.
[    0.000000] found SMP MP-table at [mem 0x0009fbf0-0x0009fbff]
[    0.000000] Scanning 1 areas for low memory corruption
[    0.000000] RAMDISK: [mem 0x359cb000-0x36cdcfff]
[    0.000000] ACPI: Early table checksum verification disabled
[    0.000000] ACPI: RSDP 0x00000000000E0000 000024 (v02 VBOX  )
[    0.000000] ACPI: XSDT 0x000000007FFF0030 00003C (v01 VBOX   VBOXXSDT 00000001 ASL  00000061)
[    0.000000] ACPI: FACP 0x000000007FFF00F0 0000F4 (v04 VBOX   VBOXFACP 00000001 ASL  00000061)
[    0.000000] ACPI: DSDT 0x000000007FFF02F0 002353 (v02 VBOX   VBOXBIOS 00000002 VBOX 0002A122)
[    0.000000] ACPI: FACS 0x000000007FFF0200 000040
[    0.000000] ACPI: FACS 0x000000007FFF0200 000040
[    0.000000] ACPI: APIC 0x000000007FFF0240 00005C (v02 VBOX   VBOXAPIC 00000001 ASL  00000061)
[    0.000000] ACPI: SSDT 0x000000007FFF02A0 000045 (v01 VBOX   VBOXCPUT 00000002 VBOX 0002A122)
[    0.000000] ACPI: Reserving FACP table memory at [mem 0x7fff00f0-0x7fff01e3]
[    0.000000] ACPI: Reserving DSDT table memory at [mem 0x7fff02f0-0x7fff2642]
[    0.000000] ACPI: Reserving FACS table memory at [mem 0x7fff0200-0x7fff023f]
[    0.000000] ACPI: Reserving FACS table memory at [mem 0x7fff0200-0x7fff023f]
[    0.000000] ACPI: Reserving APIC table memory at [mem 0x7fff0240-0x7fff029b]
[    0.000000] ACPI: Reserving SSDT table memory at [mem 0x7fff02a0-0x7fff02e4]
[    0.000000] No NUMA configuration found
[    0.000000] Faking a node at [mem 0x0000000000000000-0x000000007ffeffff]
[    0.000000] NODE_DATA(0) allocated [mem 0x7ffc5000-0x7ffeffff]
[    0.000000] kvm-clock: cpu 0, msr 0:7ff44001, primary cpu clock
[    0.000000] kvm-clock: Using msrs 4b564d01 and 4b564d00
[    0.000000] kvm-clock: using sched offset of 1082371232175 cycles
[    0.000000] clocksource: kvm-clock: mask: 0xffffffffffffffff max_cycles: 0x1cd42e4dffb, max_idle_ns: 881590591483 ns
[    0.000000] Zone ranges:
[    0.000000]   DMA      [mem 0x0000000000001000-0x0000000000ffffff]
[    0.000000]   DMA32    [mem 0x0000000001000000-0x000000007ffeffff]
[    0.000000]   Normal   empty
[    0.000000]   Device   empty
[    0.000000] Movable zone start for each node
[    0.000000] Early memory node ranges
[    0.000000]   node   0: [mem 0x0000000000001000-0x000000000009efff]
[    0.000000]   node   0: [mem 0x0000000000100000-0x000000007ffeffff]
[    0.000000] Reserved but unavailable: 104 pages
[    0.000000] Initmem setup node 0 [mem 0x0000000000001000-0x000000007ffeffff]
[    0.000000] ACPI: PM-Timer IO Port: 0x4008
[    0.000000] IOAPIC[0]: apic_id 2, version 32, address 0xfec00000, GSI 0-23
[    0.000000] ACPI: INT_SRC_OVR (bus 0 bus_irq 0 global_irq 2 dfl dfl)
[    0.000000] ACPI: INT_SRC_OVR (bus 0 bus_irq 9 global_irq 9 low level)
[    0.000000] Using ACPI (MADT) for SMP configuration information
[    0.000000] smpboot: Allowing 2 CPUs, 0 hotplug CPUs
[    0.000000] PM: Registered nosave memory: [mem 0x00000000-0x00000fff]
[    0.000000] PM: Registered nosave memory: [mem 0x0009f000-0x0009ffff]
[    0.000000] PM: Registered nosave memory: [mem 0x000a0000-0x000effff]
[    0.000000] PM: Registered nosave memory: [mem 0x000f0000-0x000fffff]
[    0.000000] e820: [mem 0x80000000-0xfebfffff] available for PCI devices
[    0.000000] Booting paravirtualized kernel on KVM
[    0.000000] clocksource: refined-jiffies: mask: 0xffffffff max_cycles: 0xffffffff, max_idle_ns: 7645519600211568 ns
[    0.000000] setup_percpu: NR_CPUS:8192 nr_cpumask_bits:2 nr_cpu_ids:2 nr_node_ids:1
[    0.000000] percpu: Embedded 50 pages/cpu s167936 r8192 d28672 u1048576
[    0.000000] PV qspinlock hash table entries: 256 (order: 0, 4096 bytes)
[    0.000000] Built 1 zonelists, mobility grouping on.  Total pages: 515961
[    0.000000] Policy zone: DMA32
[    0.000000] Kernel command line: BOOT_IMAGE=/boot/vmlinuz-4.15.0-212-generic root=LABEL=cloudimg-rootfs ro console=tty1 console=ttyS0
[    0.000000] Memory: 2014836K/2096696K available (12300K kernel code, 2477K rwdata, 4324K rodata, 2480K init, 2720K bss, 81860K reserved, 0K cma-reserved)
[    0.000000] SLUB: HWalign=64, Order=0-3, MinObjects=0, CPUs=2, Nodes=1
[    0.000000] ftrace: allocating 39508 entries in 155 pages
[    0.004000] Hierarchical RCU implementation.
[    0.004000] 	RCU restricting CPUs from NR_CPUS=8192 to nr_cpu_ids=2.
[    0.004000] 	Tasks RCU enabled.
[    0.004000] RCU: Adjusting geometry for rcu_fanout_leaf=16, nr_cpu_ids=2
[    0.004000] NR_IRQS: 524544, nr_irqs: 440, preallocated irqs: 16
[    0.004000] random: crng init done
[    0.004000] Console: colour VGA+ 80x25
[    0.004000] console [tty1] enabled
[    0.004000] console [ttyS0] enabled
[    0.004000] ACPI: Core revision 20170831
[    0.004000] ACPI: 2 ACPI AML tables successfully acquired and loaded
[    0.004000] APIC: Switch to symmetric I/O mode setup
[    0.004000] ..TIMER: vector=0x30 apic1=0 pin1=2 apic2=-1 pin2=-1
[    0.004011] tsc: Detected 2419.200 MHz processor
[    0.008021] Calibrating delay loop (skipped) preset value.. 4838.40 BogoMIPS (lpj=9676800)
[    0.012006] pid_max: default: 32768 minimum: 301
[    0.016062] Security Framework initialized
[    0.020007] Yama: becoming mindful.
[    0.024045] AppArmor: AppArmor initialized
[    0.028349] Dentry cache hash table entries: 262144 (order: 9, 2097152 bytes)
[    0.032206] Inode-cache hash table entries: 131072 (order: 8, 1048576 bytes)
[    0.036052] Mount-cache hash table entries: 4096 (order: 3, 32768 bytes)
[    0.040022] Mountpoint-cache hash table entries: 4096 (order: 3, 32768 bytes)
[    0.049748] Last level iTLB entries: 4KB 0, 2MB 0, 4MB 0
[    0.052005] Last level dTLB entries: 4KB 0, 2MB 0, 4MB 0, 1GB 0
[    0.056011] Spectre V1 : Mitigation: usercopy/swapgs barriers and __user pointer sanitization
[    0.060011] Spectre V2 : Mitigation: Enhanced IBRS
[    0.064006] Spectre V2 : Spectre v2 / SpectreRSB mitigation: Filling RSB on context switch
[    0.068005] Spectre V2 : Spectre v2 / PBRSB-eIBRS: Retire a single CALL on VMEXIT
[    0.072008] RETBleed: Mitigation: Enhanced IBRS
[    0.076009] Speculative Store Bypass: Vulnerable
[    0.080351] Freeing SMP alternatives memory: 36K
[    0.208950] APIC calibration not consistent with PM-Timer: 109ms instead of 100ms
[    0.212000] APIC delta adjusted to PM-Timer: 6445462 (7026007)
[    0.212629] smpboot: CPU0: 11th Gen Intel(R) Core(TM) i5-1135G7 @ 2.40GHz (family: 0x6, model: 0x8c, stepping: 0x1)
[    0.216140] Performance Events: unsupported p6 CPU model 140 no PMU driver, software events only.
[    0.220076] Hierarchical SRCU implementation.
[    0.225130] NMI watchdog: Perf event create on CPU 0 failed with -2
[    0.228021] NMI watchdog: Perf NMI watchdog permanently disabled
[    0.232271] smp: Bringing up secondary CPUs ...
[    0.236208] x86: Booting SMP configuration:
[    0.240006] .... node  #0, CPUs:      #1
[    0.004000] kvm-clock: cpu 1, msr 0:7ff44041, secondary cpu clock
[    0.264214] smp: Brought up 1 node, 2 CPUs
[    0.268011] smpboot: Max logical packages: 1
[    0.272008] smpboot: Total of 2 processors activated (9676.80 BogoMIPS)
[    0.276972] devtmpfs: initialized
[    0.280113] x86/mm: Memory block size: 128MB
[    0.284401] evm: security.selinux
[    0.288032] evm: security.SMACK64
[    0.292006] evm: security.SMACK64EXEC
[    0.296006] evm: security.SMACK64TRANSMUTE
[    0.300005] evm: security.SMACK64MMAP
[    0.304005] evm: security.apparmor
[    0.308000] evm: security.ima
[    0.312008] evm: security.capability
[    0.316608] clocksource: jiffies: mask: 0xffffffff max_cycles: 0xffffffff, max_idle_ns: 7645041785100000 ns
[    0.320020] futex hash table entries: 512 (order: 3, 32768 bytes)
[    0.324080] pinctrl core: initialized pinctrl subsystem
[    0.328708] RTC time: 11:12:13, date: 08/26/26
[    0.333598] NET: Registered protocol family 16
[    0.336134] audit: initializing netlink subsys (disabled)
[    0.340248] audit: type=2000 audit(1787743815.701:1): state=initialized audit_enabled=0 res=1
[    0.356013] cpuidle: using governor ladder
[    0.360020] cpuidle: using governor menu
[    0.364076] ACPI: bus type PCI registered
[    0.368007] acpiphp: ACPI Hot Plug PCI Controller Driver version: 0.5
[    0.372572] PCI: Using configuration type 1 for base access
[    0.384501] HugeTLB registered 2.00 MiB page size, pre-allocated 0 pages
[    0.392543] ACPI: Added _OSI(Module Device)
[    0.396008] ACPI: Added _OSI(Processor Device)
[    0.400006] ACPI: Added _OSI(3.0 _SCP Extensions)
[    0.404007] ACPI: Added _OSI(Processor Aggregator Device)
[    0.408010] ACPI: Added _OSI(Linux-Dell-Video)
[    0.412007] ACPI: Added _OSI(Linux-Lenovo-NV-HDMI-Audio)
[    0.416007] ACPI: Added _OSI(Linux-HPI-Hybrid-Graphics)
[    0.425060] ACPI: Executed 1 blocks of module-level executable AML code
[    0.439462] ACPI: Interpreter enabled
[    0.440029] ACPI: (supports S0 S5)
[    0.444006] ACPI: Using IOAPIC for interrupt routing
[    0.452773] PCI: Using host bridge windows from ACPI; if necessary, use "pci=nocrs" and report a bug
[    0.456533] ACPI: Enabled 2 GPEs in block 00 to 07
[    0.479660] ACPI: PCI Root Bridge [PCI0] (domain 0000 [bus 00-ff])
[    0.480019] acpi PNP0A03:00: _OSC: OS supports [ASPM ClockPM Segments MSI]
[    0.489696] acpi PNP0A03:00: _OSC: not requesting OS control; OS requires [ExtendedConfig ASPM ClockPM MSI]
[    0.492039] acpi PNP0A03:00: fail to add MMCONFIG information, can't access extended PCI configuration space under this bridge.
[    0.501077] PCI host bridge to bus 0000:00
[    0.504011] pci_bus 0000:00: root bus resource [io  0x0000-0x0cf7 window]
[    0.508009] pci_bus 0000:00: root bus resource [io  0x0d00-0xffff window]
[    0.512009] pci_bus 0000:00: root bus resource [mem 0x000a0000-0x000bffff window]
[    0.516009] pci_bus 0000:00: root bus resource [mem 0x80000000-0xfdffffff window]
[    0.520010] pci_bus 0000:00: root bus resource [bus 00-ff]
[    0.540456] pci 0000:00:01.1: legacy IDE quirk: reg 0x10: [io  0x01f0-0x01f7]
[    0.544010] pci 0000:00:01.1: legacy IDE quirk: reg 0x14: [io  0x03f6]
[    0.548011] pci 0000:00:01.1: legacy IDE quirk: reg 0x18: [io  0x0170-0x0177]
[    0.552016] pci 0000:00:01.1: legacy IDE quirk: reg 0x1c: [io  0x0376]
[    0.599350] pci 0000:00:07.0: quirk: [io  0x4000-0x403f] claimed by PIIX4 ACPI
[    0.600077] pci 0000:00:07.0: quirk: [io  0x4100-0x410f] claimed by PIIX4 SMB
[    0.628000] ACPI: PCI Interrupt Link [LNKA] (IRQs 5 9 10 *11)
[    0.632629] ACPI: PCI Interrupt Link [LNKB] (IRQs 5 9 *10 11)
[    0.636467] ACPI: PCI Interrupt Link [LNKC] (IRQs 5 *9 10 11)
[    0.640443] ACPI: PCI Interrupt Link [LNKD] (IRQs 5 9 10 *11)
[    0.644612] SCSI subsystem initialized
[    0.652250] pci 0000:00:02.0: vgaarb: setting as boot VGA device
[    0.656000] pci 0000:00:02.0: vgaarb: VGA device added: decodes=io+mem,owns=io+mem,locks=none
[    0.656011] pci 0000:00:02.0: vgaarb: bridge control possible
[    0.660006] vgaarb: loaded
[    0.664075] ACPI: bus type USB registered
[    0.668052] usbcore: registered new interface driver usbfs
[    0.672048] usbcore: registered new interface driver hub
[    0.676030] usbcore: registered new device driver usb
[    0.680355] EDAC MC: Ver: 3.0.0
[    0.688542] PCI: Using ACPI for IRQ routing
[    0.693538] NetLabel: Initializing
[    0.696006] NetLabel:  domain hash size = 128
[    0.700005] NetLabel:  protocols = UNLABELED CIPSOv4 CALIPSO
[    0.704047] NetLabel:  unlabeled traffic allowed by default
[    0.712436] clocksource: Switched to clocksource kvm-clock
[    0.729681] VFS: Disk quotas dquot_6.6.0
[    0.729681] VFS: Dquot-cache hash table entries: 512 (order 0, 4096 bytes)
[    0.729681] AppArmor: AppArmor Filesystem Enabled
[    0.729681] pnp: PnP ACPI init
[    0.729681] pnp: PnP ACPI: found 3 devices
[    0.855930] clocksource: acpi_pm: mask: 0xffffff max_cycles: 0xffffff, max_idle_ns: 2085701024 ns
[    0.856556] NET: Registered protocol family 2
[    0.856556] IP idents hash table entries: 32768 (order: 6, 262144 bytes)
[    0.893937] TCP established hash table entries: 16384 (order: 5, 131072 bytes)
[    0.905970] TCP bind hash table entries: 16384 (order: 6, 262144 bytes)
[    0.917829] TCP: Hash tables configured (established 16384 bind 16384)
[    0.927783] UDP hash table entries: 1024 (order: 3, 32768 bytes)
[    0.931661] UDP-Lite hash table entries: 1024 (order: 3, 32768 bytes)
[    0.931661] NET: Registered protocol family 1
[    0.931661] pci 0000:00:00.0: Limiting direct PCI/PCI transfers
[    0.961691] pci 0000:00:01.0: Activating ISA DMA hang workarounds
[    0.971319] pci 0000:00:02.0: Video device with shadowed ROM at [mem 0x000c0000-0x000dffff]
[    0.974923] Unpacking initramfs...
[    1.509276] Freeing initrd memory: 19528K
[    1.511814] clocksource: tsc: mask: 0xffffffffffffffff max_cycles: 0x22df1149949, max_idle_ns: 440795312789 ns
[    1.511814] platform rtc_cmos: registered platform RTC device (no PNP device found)
[    1.511814] Scanning for low memory corruption every 60 seconds
[    1.555281] Initialise system trusted keyrings
[    1.558385] Key type blacklist registered
[    1.573298] workingset: timestamp_bits=36 max_order=19 bucket_order=0
[    1.588453] zbud: loaded
[    1.601951] squashfs: version 4.0 (2009/01/31) Phillip Lougher
[    1.621741] fuse init (API version 7.26)
[    1.668909] Key type asymmetric registered
[    1.678423] Asymmetric key parser 'x509' registered
[    1.688108] Block layer SCSI generic (bsg) driver version 0.4 loaded (major 246)
[    1.701230] io scheduler noop registered
[    1.708547] io scheduler deadline registered
[    1.716725] io scheduler cfq registered (default)
[    1.725833] ACPI: AC Adapter [AC] (off-line)
[    1.733838] input: Power Button as /devices/LNXSYSTM:00/LNXPWRBN:00/input/input0
[    1.746675] ACPI: Power Button [PWRF]
[    1.754375] input: Sleep Button as /devices/LNXSYSTM:00/LNXSLPBN:00/input/input1
[    1.767984] ACPI: Sleep Button [SLPF]
[    1.777481] Serial: 8250/16550 driver, 32 ports, IRQ sharing enabled
[    1.783823] ACPI: Battery Slot [BAT0] (battery present)
[    1.841822] 00:02: ttyS0 at I/O 0x3f8 (irq = 4, base_baud = 115200) is a 16550A
[    1.859043] Linux agpgart interface v0.103
[    1.871393] loop: module loaded
[    1.883965] scsi host0: ata_piix
[    1.892612] scsi host1: ata_piix
[    1.899191] ata1: PATA max UDMA/33 cmd 0x1f0 ctl 0x3f6 bmdma 0xd000 irq 14
[    1.910520] ata2: PATA max UDMA/33 cmd 0x170 ctl 0x376 bmdma 0xd008 irq 15
[    1.922190] tun: Universal TUN/TAP device driver, 1.6
[    1.933379] PPP generic driver version 2.4.2
[    1.947067] ehci_hcd: USB 2.0 'Enhanced' Host Controller (EHCI) Driver
[    1.958168] ehci-pci: EHCI PCI platform driver
[    1.965239] ehci-platform: EHCI generic platform driver
[    1.973396] ohci_hcd: USB 1.1 'Open' Host Controller (OHCI) Driver
[    1.977280] ohci-pci: OHCI PCI platform driver
[    1.977280] ohci-platform: OHCI generic platform driver
[    1.977280] uhci_hcd: USB Universal Host Controller Interface driver
[    1.977280] i8042: PNP: PS/2 Controller [PNP0303:PS2K,PNP0f03:PS2M] at 0x60,0x64 irq 1,12
[    1.977280] serio: i8042 KBD port at 0x60,0x64 irq 1
[    1.977280] serio: i8042 AUX port at 0x60,0x64 irq 12
[    2.042927] mousedev: PS/2 mouse device common for all mice
[    2.058526] rtc_cmos rtc_cmos: rtc core: registered rtc_cmos as rtc0
[    2.069900] rtc_cmos rtc_cmos: alarms up to one day, 114 bytes nvram
[    2.079537] i2c /dev entries driver
[    2.085278] input: AT Translated Set 2 keyboard as /devices/platform/i8042/serio0/input/input2
[    2.099255] device-mapper: uevent: version 1.0.3
[    2.109302] device-mapper: ioctl: 4.37.0-ioctl (2017-09-20) initialised: dm-devel@redhat.com
[    2.133413] ledtrig-cpu: registered to indicate activity on CPUs
[    2.144045] NET: Registered protocol family 10
[    2.162268] Segment Routing with IPv6
[    2.169736] NET: Registered protocol family 17
[    2.178088] Key type dns_resolver registered
[    2.188986] mce: Using 0 MCE banks
[    2.195666] RAS: Correctable Errors collector initialized.
[    2.205901] sched_clock: Marking stable (2205766281, 0)->(3911526439, -1705760158)
[    2.227467] registered taskstats version 1
[    2.235675] Loading compiled-in X.509 certificates
[    2.255566] Loaded X.509 cert 'Build time autogenerated kernel key: b5b26778eaa3ab3a4a6cee031137706e947d12ad'
[    2.273853] Loaded X.509 cert 'Canonical Ltd. Live Patch Signing: 14df34d1a87cf37625abec039ef2bf521249b969'
[    2.293195] Loaded X.509 cert 'Canonical Ltd. Kernel Module Signing: 88f752e560a1e0737e31163a466ad7b70a850c19'
[    2.308380] blacklist: Loading compiled-in revocation X.509 certificates
[    2.317243] Loaded X.509 cert 'Canonical Ltd. Secure Boot Signing: 61482aa2830d0ab2ad5af10b7250da9033ddcef0'
[    2.332091] Loaded X.509 cert 'Canonical Ltd. Secure Boot Signing (2017): 242ade75ac4a15e50d50c84b0d45ff3eae707a03'
[    2.348112] Loaded X.509 cert 'Canonical Ltd. Secure Boot Signing (ESM 2018): 365188c1d374d6b07c3c8f240f8ef722433d6a8b'
[    2.366838] Loaded X.509 cert 'Canonical Ltd. Secure Boot Signing (2019): c0746fd6c5da3ae827864651ad66ae47fe24b3e8'
[    2.382346] Loaded X.509 cert 'Canonical Ltd. Secure Boot Signing (2021 v1): a8d54bbb3825cfb94fa13c9f8a594a195c107b8d'
[    2.398027] Loaded X.509 cert 'Canonical Ltd. Secure Boot Signing (2021 v2): 4cf046892d6fd3c9a5b03f98d845f90851dc6a8c'
[    2.414112] Loaded X.509 cert 'Canonical Ltd. Secure Boot Signing (2021 v3): 100437bb6de6e469b581e61cd66bce3ef4ed53af'
[    2.430573] Loaded X.509 cert 'Canonical Ltd. Secure Boot Signing (Ubuntu Core 2019): c1d57b8f6b743f23ee41f4f7ee292f06eecadfb9'
[    2.448019] zswap: loaded using pool lzo/zbud
[    2.479872] Key type big_key registered
[    2.486369] Key type trusted registered
[    2.501598] Key type encrypted registered
[    2.507431] AppArmor: AppArmor sha1 policy hashing enabled
[    2.515761] ima: No TPM chip found, activating TPM-bypass! (rc=-19)
[    2.525863] ima: Allocated hash algorithm: sha1
[    2.533602] evm: HMAC attrs: 0x1
[    2.540643]   Magic number: 6:301:227
[    2.546746] acpi PNP0200:00: hash matches
[    2.554849] rtc_cmos rtc_cmos: setting system clock to 2026-08-26 11:12:15 UTC (1787742735)
[    2.568746] BIOS EDD facility v0.16 2004-Jun-25, 0 devices found
[    2.578049] EDD information not available.
[    2.591139] Freeing unused kernel image memory: 2480K
[    2.621512] Write protecting the kernel read-only data: 20480k
[    2.634301] Freeing unused kernel image memory: 2008K
[    2.644710] Freeing unused kernel image memory: 1820K
[    2.665951] x86/mm: Checked W+X mappings: passed, no W+X pages found.
Loading, please wait...
starting version 237
[    2.842656] e1000: Intel(R) PRO/1000 Network Driver - version 7.3.21-k8-NAPI
[    2.858049] e1000: Copyright (c) 1999-2006 Intel Corporation.
[    2.889140] Fusion MPT base driver 3.04.20
[    2.898933] Copyright (c) 1999-2008 LSI Corporation
[    2.931203] Fusion MPT SPI Host driver 3.04.20
[    3.004350] AVX2 version of gcm_enc/dec engaged.
[    3.013501] AES CTR mode by8 optimization enabled
[    3.164706] input: ImExPS/2 Generic Explorer Mouse as /devices/platform/i8042/serio1/input/input4
[    4.019624] e1000 0000:00:03.0 eth0: (PCI:33MHz:32-bit) 02:3b:7b:b7:3b:2d
[    4.031805] e1000 0000:00:03.0 eth0: Intel(R) PRO/1000 Network Connection
[    4.993169] e1000 0000:00:08.0 eth1: (PCI:33MHz:32-bit) 08:00:27:bc:14:de
[    5.004654] e1000 0000:00:08.0 eth1: Intel(R) PRO/1000 Network Connection
[    5.021223] e1000 0000:00:08.0 enp0s8: renamed from eth1
[    5.021835] mptbase: ioc0: Initiating bringup
[    5.042644] e1000 0000:00:03.0 enp0s3: renamed from eth0
[    5.174167] ioc0: LSI53C1030 A0: Capabilities={Initiator}
[    5.513763] scsi host2: ioc0: LSI53C1030 A0, FwRev=00000000h, Ports=1, MaxQ=256, IRQ=20
[    5.737938] scsi 2:0:0:0: Direct-Access     VBOX     HARDDISK         1.0  PQ: 0 ANSI: 5
[    5.785356] scsi target2:0:0: Beginning Domain Validation
[    5.808205] scsi target2:0:0: Domain Validation skipping write tests
[    5.819445] scsi target2:0:0: Ending Domain Validation
[    5.829177] scsi target2:0:0: asynchronous
[    5.840762] scsi 2:0:1:0: Direct-Access     VBOX     HARDDISK         1.0  PQ: 0 ANSI: 5
[    5.885115] scsi target2:0:1: Beginning Domain Validation
[    5.908407] scsi target2:0:1: Domain Validation skipping write tests
[    5.919033] scsi target2:0:1: Ending Domain Validation
[    5.928985] scsi target2:0:1: asynchronous
[    5.962595] sd 2:0:0:0: Attached scsi generic sg0 type 0
[    5.964650] sd 2:0:0:0: [sda] 83886080 512-byte logical blocks: (42.9 GB/40.0 GiB)
[    5.987393] sd 2:0:1:0: Attached scsi generic sg1 type 0
[    5.988016] sd 2:0:0:0: [sda] Write Protect is off
[    6.006649] sd 2:0:1:0: [sdb] 20480 512-byte logical blocks: (10.5 MB/10.0 MiB)
[    6.007141] sd 2:0:0:0: [sda] Write cache: enabled, read cache: enabled, supports DPO and FUA
[    6.037566] sd 2:0:1:0: [sdb] Write Protect is off
[    6.045601]  sda: sda1
[    6.057492] sd 2:0:1:0: [sdb] Write cache: enabled, read cache: enabled, supports DPO and FUA
[    6.079667] sd 2:0:0:0: [sda] Attached SCSI disk
[    6.087276] sd 2:0:1:0: [sdb] Attached SCSI disk
Begin: Loading essential drivers ... [    8.629053] raid6: sse2x1   gen()  5759 MB/s
[    8.684708] raid6: sse2x1   xor()  3461 MB/s
[    8.740390] raid6: sse2x2   gen()  6771 MB/s
[    8.796913] raid6: sse2x2   xor()  4714 MB/s
[    8.848676] raid6: sse2x4   gen()  7477 MB/s
[    8.900419] raid6: sse2x4   xor()  4448 MB/s
[    8.953153] raid6: avx2x1   gen() 10919 MB/s
[    9.004974] raid6: avx2x1   xor()  8217 MB/s
[    9.056719] raid6: avx2x2   gen() 13775 MB/s
[    9.108499] raid6: avx2x2   xor()  9050 MB/s
[    9.161209] raid6: avx2x4   gen() 14061 MB/s
[    9.213317] raid6: avx2x4   xor()  8200 MB/s
[    9.220526] raid6: using algorithm avx2x4 gen() 14061 MB/s
[    9.228578] raid6: .... xor() 8200 MB/s, rmw enabled
[    9.235951] raid6: using avx2x2 recovery algorithm
[    9.250092] xor: automatically using best checksumming function   avx       
[    9.267234] async_tx: api initialized (async)
done.
Begin: Running /scripts/init-premount ... done.
Begin: Mounting root file system ... Begin: Running /scripts/local-top ... done.
Begin: Running /scripts/local-premount ... [    9.417304] Btrfs loaded, crc32c=crc32c-intel
Scanning for Btrfs filesystems
done.
Warning: fsck not present, so skipping root file system
[    9.534525] EXT4-fs (sda1): mounted filesystem with ordered data mode. Opts: (null)
done.
Begin: Running /scripts/local-bottom ... done.
Begin: Running /scripts/init-bottom ... done.
[    9.938081] ip_tables: (C) 2000-2006 Netfilter Core Team
[    9.975587] systemd[1]: systemd 237 running in system mode. (+PAM +AUDIT +SELINUX +IMA +APPARMOR +SMACK +SYSVINIT +UTMP +LIBCRYPTSETUP +GCRYPT +GNUTLS +ACL +XZ +LZ4 +SECCOMP +BLKID +ELFUTILS +KMOD -IDN2 +IDN -PCRE2 default-hierarchy=hybrid)
[   10.006048] systemd[1]: Detected virtualization oracle.
[   10.013783] systemd[1]: Detected architecture x86-64.

Welcome to [1mUbuntu 18.04.6 LTS[0m!

[   10.091051] systemd[1]: Set hostname to <jenkins-server>.
[   10.718620] systemd[1]: Reached target Swap.
[[0;32m  OK  [0m] Reached target Swap.
[   10.728129] systemd[1]: Reached target Mounting snaps.
[[0;32m  OK  [0m] Reached target Mounting snaps.
[   10.764839] systemd[1]: Created slice System Slice.
[[0;32m  OK  [0m] Created slice System Slice.
[   10.777458] systemd[1]: Listening on Syslog Socket.
[[0;32m  OK  [0m] Listening on Syslog Socket.
[   10.789335] systemd[1]: Listening on Network Service Netlink Socket.
[[0;32m  OK  [0m] Listening on Network Service Netlink Socket.
[   10.804981] systemd[1]: Listening on /dev/initctl Compatibility Named Pipe.
[[0;32m  OK  [0m] Listening on /dev/initctl Compatibility Named Pipe.
[[0;32m  OK  [0m] Listening on fsck to fsckd communication Socket.
[[0;32m  OK  [0m] Listening on Device-mapper event daemon FIFOs.
[[0;32m  OK  [0m] Listening on udev Kernel Socket.
[[0;32m  OK  [0m] Listening on udev Control Socket.
[[0;32m  OK  [0m] Listening on Journal Socket.
         Starting Uncomplicated firewall...
         Starting Create list of required st…ce nodes for the current kernel...
         Starting Load Kernel Modules...
[[0;32m  OK  [0m] Created slice User and Session Slice.
[[0;32m  OK  [0m] Reached target Slices.
         Mounting Kernel Debug File System...
[[0;32m  OK  [0m] Reached target Mounted snaps.
         Starting File System Check on Root Device...
[[0;32m  OK  [0m] Started Forward Password Requests to Wall Directory Watch.
         Mounting Huge Pages File System...
[[0;32m  OK  [0m] Listening on LVM2 poll daemon socket.
[[0;32m  OK  [0m] Listening on Journal Socket (/dev/log).[   10.946829] Loading iSCSI transport class v2.0-870.

[[0;32m  OK  [0m] Listening on Journal Audit Socket.
         Starting Journal Service...
[[0;32m  OK  [0m] Reached target System Time Synchronized.
[[0;32m  OK  [0m] Reached target User and Group Name Lookups.
[[0;32m  OK  [0m] Listening on LVM2 metadata daemon socket.
         Starting Monitoring of LVM2 mirrors…ng dmeventd or progress polling...
         Starting Set the console keyboard layout...
         Starting udev Coldplug all Devices...
[[0;32m  OK  [0m] Created slice system-serial\x2dgetty.slice.
         Mounting POSIX Message Queue File System...
[[0;32m  OK  [0m] Set up automount Arbitrary Executab…rmats File System Automount Point.
[   11.059249] iscsi: registered transport (tcp)
[[0;32m  OK  [0m] Started Uncomplicated firewall.
[[0;32m  OK  [0m] Started Create list of required sta…vice nodes for the current kernel.
[[0;32m  OK  [0m] Mounted Kernel Debug File System.
[[0;32m  OK  [0m] Started File System Check on Root Device.
[[0;32m  OK  [0m] Mounted Huge Pages File System.
[[0;32m  OK  [0m] Mounted POSIX Message Queue File System.
[[0;32m  OK  [0m] Started File System Check Daemon to report status.
         Starting Remount Root and Kernel File Systems...
         Starting Create Static Device Nodes in /dev...
[   11.195662] EXT4-fs (sda1): re-mounted. Opts: (null)
[[0;32m  OK  [0m] Started Remount Root and Kernel File Systems.
         Starting Load/Save Random Seed...
[[0;32m  OK  [0m] Started LVM2 metadata daemon.
[[0;32m  OK  [0m] Started Create Static Device Nodes in /dev.
         Starting udev Kernel Device Manager...
[[0;32m  OK  [0m] Started udev Coldplug all Devices.
[[0;32m  OK  [0m] Started Load/Save Random Seed.
[[0;32m  OK  [0m] Started Journal Service.
         Starting Flush Journal to Persistent Storage...
[[0;32m  OK  [0m] Started udev Kernel Device Manager.
[[0;32m  OK  [0m] Started Set the console keyboard layout.
[[0;32m  OK  [0m] Started Dispatch Password Requests to Console Directory Watch.
[[0;32m  OK  [0m] Reached target Local Encrypted Volumes.
[[0;32m  OK  [0m] Started Monitoring of LVM2 mirrors,…sing dmeventd or progress polling.
[[0;32m  OK  [0m] Reached target Local File Systems (Pre).
[[0;32m  OK  [0m] Reached target Local File Systems.
         Starting Set console font and keymap...
         Starting AppArmor initialization...
         Starting ebtables ruleset management...
         Starting Tell Plymouth To Write Out Runtime Data...
[   11.527512] iscsi: registered transport (iser)
[   11.534899] systemd-journald[408]: Received request to flush runtime journal from PID 1
[[0;32m  OK  [0m] Started Set console font and keymap.
[[0;32m  OK  [0m] Started Load Kernel Modules.
         Starting Apply Kernel Variables...
         Mounting FUSE Control File System...
         Mounting Kernel Configuration File System...
[[0;32m  OK  [0m] Started Tell Plymouth To Write Out Runtime Data.
[[0;32m  OK  [0m] Mounted FUSE Control File System.
[[0;32m  OK  [0m] Mounted Kernel Configuration File System.
[[0;32m  OK  [0m] Started Apply Kernel Variables.
[[0;32m  OK  [0m] Started Flush Journal to Persistent Storage.
         Starting Create Volatile Files and Directories...
[[0;32m  OK  [0m] Started Create Volatile Files and Directories.
         Starting Update UTMP about System Boot/Shutdown...
[[0;32m  OK  [0m] Started ebtables ruleset management.
[[0;32m  OK  [0m] Started Update UTMP about System Boot/Shutdown.
[[0;32m  OK  [0m] Found device /dev/ttyS0.
[[0;32m  OK  [0m] Started AppArmor initialization.
         Starting Load AppArmor profiles managed internally by snapd...
         Starting Initial cloud-init job (pre-networking)...
         Mounting Arbitrary Executable File Formats File System...
[[0;32m  OK  [0m] Mounted Arbitrary Executable File Formats File System.
[[0;32m  OK  [0m] Listening on Load/Save RF Kill Switch Status /dev/rfkill Watch.
[[0;32m  OK  [0m] Started Load AppArmor profiles managed internally by snapd.
[   15.231980] cloud-init[543]: Cloud-init v. 23.1.2-0ubuntu0~18.04.1 running 'init-local' at Wed, 26 Aug 2026 11:12:27 +0000. Up 14.87 seconds.
[[0;32m  OK  [0m] Started Initial cloud-init job (pre-networking).
[[0;32m  OK  [0m] Reached target Network (Pre).
         Starting Network Service...
[[0;32m  OK  [0m] Started Network Service.
         Starting Network Name Resolution...
         Starting Wait for Network to be Configured...
[[0;32m  OK  [0m] Started Network Name Resolution.
[[0;32m  OK  [0m] Reached target Host and Network Name Lookups.
[[0;32m  OK  [0m] Reached target Network.
[[0;32m  OK  [0m] Started Wait for Network to be Configured.
         Starting Initial cloud-init job (metadata service crawler)...
[   18.596091] cloud-init[678]: Cloud-init v. 23.1.2-0ubuntu0~18.04.1 running 'init' at Wed, 26 Aug 2026 11:12:31 +0000. Up 18.30 seconds.
[   18.605460] cloud-init[678]: ci-info: +++++++++++++++++++++++++++++++++++++++++++Net device info++++++++++++++++++++++++++++++++++++++++++++
[   18.614675] cloud-init[678]: ci-info: +--------+------+---------------------------------------+---------------+--------+-------------------+
[   18.623622] cloud-init[678]: ci-info: | Device |  Up  |                Address                |      Mask     | Scope  |     Hw-Address    |
[   18.633919] cloud-init[678]: ci-info: +--------+------+---------------------------------------+---------------+--------+-------------------+
[   18.643464] cloud-init[678]: ci-info: | enp0s3 | True |               10.0.2.15               | 255.255.255.0 | global | 02:3b:7b:b7:3b:2d |
[   18.649391] cloud-init[678]: ci-info: | enp0s3 | True | fd17:625c:f037:2:3b:7bff:feb7:3b2d/64 |       .       | global | 02:3b:7b:b7:3b:2d |
[   18.659095] cloud-init[678]: ci-info: | enp0s3 | True |       fe80::3b:7bff:feb7:3b2d/64      |       .       |  link  | 02:3b:7b:b7:3b:2d |
[   18.666054] cloud-init[678]: ci-info: | enp0s8 | True |             192.168.56.10             | 255.255.255.0 | global | 08:00:27:bc:14:de |
[   18.674867] cloud-init[678]: ci-info: | enp0s8 | True |      fe80::a00:27ff:febc:14de/64      |       .       |  link  | 08:00:27:bc:14:de |
[   18.683720] cloud-init[678]: ci-info: |   lo   | True |               127.0.0.1               |   255.0.0.0   |  host  |         .         |
[   18.695553] cloud-init[678]: ci-info: |   lo   | True |                ::1/128                |       .       |  host  |         .         |
[   18.706565] cloud-init[678]: ci-info: +--------+------+---------------------------------------+---------------+--------+-------------------+
[   18.716695] cloud-init[678]: ci-info: +++++++++++++++++++++++++++++Route IPv4 info+++++++++++++++++++++++++++++
[   18.725014] cloud-init[678]: ci-info: +-------+--------------+----------+-----------------+-----------+-------+
[   18.732771] cloud-init[678]: ci-info: | Route | Destination  | Gateway  |     Genmask     | Interface | Flags |
[   18.741641] cloud-init[678]: ci-info: +-------+--------------+----------+-----------------+-----------+-------+
[   18.748963] cloud-init[678]: ci-info: |   0   |   0.0.0.0    | 10.0.2.2 |     0.0.0.0     |   enp0s3  |   UG  |
[   18.755434] cloud-init[678]: ci-info: |   1   |   10.0.2.0   | 0.0.0.0  |  255.255.255.0  |   enp0s3  |   U   |
[   18.763052] cloud-init[678]: ci-info: |   2   |   10.0.2.2   | 0.0.0.0  | 255.255.255.255 |   enp0s3  |   UH  |
[   18.770224] cloud-init[678]: ci-info: |   3   | 192.168.56.0 | 0.0.0.0  |  255.255.255.0  |   enp0s8  |   U   |
[   18.777955] cloud-init[678]: ci-info: +-------+--------------+----------+-----------------+-----------+-------+
[   18.785753] cloud-init[678]: ci-info: ++++++++++++++++++++++++Route IPv6 info++++++++++++++++++++++++
[   18.792854] cloud-init[678]: ci-info: +-------+-----------------------+---------+-----------+-------+
[   18.799639] cloud-init[678]: ci-info: | Route |      Destination      | Gateway | Interface | Flags |
[   18.806449] cloud-init[678]: ci-info: +-------+-----------------------+---------+-----------+-------+
[   18.812907] cloud-init[678]: ci-info: |   1   | fd17:625c:f037:2::/64 |    ::   |   enp0s3  |   U   |
[   18.818867] cloud-init[678]: ci-info: |   2   |       fe80::/64       |    ::   |   enp0s8  |   U   |
[   18.826212] cloud-init[678]: ci-info: |   3   |       fe80::/64       |    ::   |   enp0s3  |   U   |
[   18.832863] cloud-init[678]: ci-info: |   4   |          ::/0         | fe80::2 |   enp0s3  |   UG  |
[   18.839688] cloud-init[678]: ci-info: |   6   |         local         |    ::   |   enp0s3  |   U   |
[   18.846584] cloud-init[678]: ci-info: |   7   |         local         |    ::   |   enp0s8  |   U   |
[   18.853685] cloud-init[678]: ci-info: |   8   |        ff00::/8       |    ::   |   enp0s8  |   U   |
[   18.859979] cloud-init[678]: ci-info: |   9   |        ff00::/8       |    ::   |   enp0s3  |   U   |
[   18.866630] cloud-init[678]: ci-info: +-------+-----------------------+---------+-----------+-------+
[[0;32m  OK  [0m] Started Initial cloud-init job (metadata service crawler).
[[0;32m  OK  [0m] Reached target System Initialization.
         Starting Socket activation for snappy daemon.
[[0;32m  OK  [0m] Started Daily Cleanup of Temporary Directories.
[[0;32m  OK  [0m] Started Daily apt download activities.
[[0;32m  OK  [0m] Started Daily apt upgrade and clean activities.
[[0;32m  OK  [0m] Started Ubuntu Advantage Timer for running repeated jobs.
[[0;32m  OK  [0m] Listening on UUID daemon activation socket.
[[0;32m  OK  [0m] Listening on ACPID Listen Socket.
         Starting LXD - unix socket.
[[0;32m  OK  [0m] Listening on Open-iSCSI iscsid Socket.
[[0;32m  OK  [0m] Started Discard unused blocks once a week.
[[0;32m  OK  [0m] Started ACPI Events Check.
[[0;32m  OK  [0m] Reached target Paths.
[[0;32m  OK  [0m] Listening on cloud-init hotplug hook socket.
         Starting Docker Socket for the API.
[[0;32m  OK  [0m] Started Message of the Day.
[[0;32m  OK  [0m] Reached target Timers.
[[0;32m  OK  [0m] Listening on D-Bus System Message Bus Socket.
[[0;32m  OK  [0m] Reached target Cloud-config availability.
[[0;32m  OK  [0m] Reached target Network is Online.
[[0;32m  OK  [0m] Reached target Remote File Systems (Pre).
         Starting Availability of block devices...
         Mounting /vagrant...
[[0;32m  OK  [0m] Listening on Socket activation for snappy daemon.
[[0;32m  OK  [0m] Listening on LXD - unix socket.
[[0;32m  OK  [0m] Listening on Docker Socket for the API.
[[0;32m  OK  [0m] Started Availability of block devices.
[[0;32m  OK  [0m] Mounted /vagrant.
[[0;32m  OK  [0m] Reached target Remote File Systems.
[[0;32m  OK  [0m] Reached target Sockets.
[[0;32m  OK  [0m] Reached target Basic System.
         Starting LXD - container startup/shutdown...
[[0;32m  OK  [0m] Started Deferred execution scheduler.
         Starting Permit User Sessions...
         Starting LSB: Record successful boot for GRUB...
[[0;32m  OK  [0m] Started FUSE filesystem for LXC.
         Starting Pollinate to seed the pseudo random number generator...
         Starting Accounts Service...
         Starting System Logging Service...
[[0;32m  OK  [0m] Started irqbalance daemon.
[[0;32m  OK  [0m] Reached target Login Prompts (Pre).
         Starting containerd container runtime...
         Starting Virtualbox guest utils...
         Starting Login Service...
[[0;32m  OK  [0m] Started Regular background program processing daemon.
         Starting Dispatcher daemon for systemd-networkd...
         Starting LSB: automatic crash report generation...
[[0;32m  OK  [0m] Started D-Bus System Message Bus.
[[0;32m  OK  [0m] Started Login Service.
[[0;32m  OK  [0m] Started Unattended Upgrades Shutdown.
         Starting Snap Daemon...
[[0;32m  OK  [0m] Started System Logging Service.
[[0;32m  OK  [0m] Started LXD - container startup/shutdown.
[[0;32m  OK  [0m] Started Permit User Sessions.
         Starting Authorization Manager...
         Starting Terminate Plymouth Boot Screen...
         Starting Hold until boot process finishes up...
[[0;32m  OK  [0m] Started Hold until boot process finishes up.
[[0;32m  OK  [0m] Started Serial Getty on ttyS0.
         Starting Set console scheme...
[[0;32m  OK  [0m] Started Terminate Plymouth Boot Screen.
[[0;32m  OK  [0m] Started Set console scheme.
[[0;32m  OK  [0m] Created slice system-getty.slice.
[[0;32m  OK  [0m] Started Getty on tty1.
[[0;32m  OK  [0m] Reached target Login Prompts.
[[0;32m  OK  [0m] Started LSB: Record successful boot for GRUB.
[[0;32m  OK  [0m] Started LSB: automatic crash report generation.
[[0;32m  OK  [0m] Started Authorization Manager.
[[0;32m  OK  [0m] Started Accounts Service.
[[0;32m  OK  [0m] Started Virtualbox guest utils.
[[0;32m  OK  [0m] Started Dispatcher daemon for systemd-networkd.
[[0;32m  OK  [0m] Started containerd container runtime.
         Starting Docker Application Container Engine...
[[0;32m  OK  [0m] Started Snap Daemon.
         Starting Wait until snapd is fully seeded...
         Starting Time & Date Service...
[[0;32m  OK  [0m] Started Time & Date Service.
[[0;32m  OK  [0m] Started Wait until snapd is fully seeded.
         Starting Apply the settings specified in cloud-config...
[[0;32m  OK  [0m] Started Pollinate to seed the pseudo random number generator.
         Starting OpenBSD Secure Shell server...
[[0;32m  OK  [0m] Started OpenBSD Secure Shell server.
[   24.608459] cloud-init[1199]: Cloud-init v. 23.1.2-0ubuntu0~18.04.1 running 'modules:config' at Wed, 26 Aug 2026 11:12:37 +0000. Up 24.20 seconds.
[[0;32m  OK  [0m] Started Apply the settings specified in cloud-config.

Ubuntu 18.04.6 LTS jenkins-server ttyS0

jenkins-server login: [   29.283777] cloud-init[1646]: Cloud-init v. 23.1.2-0ubuntu0~18.04.1 running 'modules:final' at Wed, 26 Aug 2026 11:12:41 +0000. Up 28.98 seconds.
[   29.284117] cloud-init[1646]: Cloud-init v. 23.1.2-0ubuntu0~18.04.1 finished at Wed, 26 Aug 2026 11:12:42 +0000. Datasource DataSourceNoCloud [seed=/dev/sdb][dsmode=net].  Up 29.26 seconds
